Archive member included to satisfy reference by file (symbol)

c:/program files (x86)/atmel/studio/7.0/toolchain/arm/arm-gnu-toolchain/bin/../lib/gcc/arm-none-eabi/6.3.1/thumb/v6-m\libgcc.a(_udivsi3.o)
                              src/ASF/common2/services/delay/sam0/systick_counter.o (__aeabi_uidiv)
c:/program files (x86)/atmel/studio/7.0/toolchain/arm/arm-gnu-toolchain/bin/../lib/gcc/arm-none-eabi/6.3.1/thumb/v6-m\libgcc.a(_divsi3.o)
                              src/ASF/thirdparty/fatfs/fatfs-r0.09/src/ff.o (__aeabi_idiv)
c:/program files (x86)/atmel/studio/7.0/toolchain/arm/arm-gnu-toolchain/bin/../lib/gcc/arm-none-eabi/6.3.1/thumb/v6-m\libgcc.a(_dvmd_tls.o)
                              c:/program files (x86)/atmel/studio/7.0/toolchain/arm/arm-gnu-toolchain/bin/../lib/gcc/arm-none-eabi/6.3.1/thumb/v6-m\libgcc.a(_udivsi3.o) (__aeabi_idiv0)
c:/program files (x86)/atmel/studio/7.0/toolchain/arm/arm-gnu-toolchain/bin/../lib/gcc/arm-none-eabi/6.3.1/thumb/v6-m\libgcc.a(_muldi3.o)
                              src/ASF/sam0/drivers/sercom/sercom.o (__aeabi_lmul)
c:/program files (x86)/atmel/studio/7.0/toolchain/arm/arm-gnu-toolchain/bin/../lib/gcc/arm-none-eabi/6.3.1/thumb/v6-m\libgcc.a(adddf3.o)
                              src/ASF/sam0/drivers/sercom/i2c/i2c_sam0/i2c_master.o (__aeabi_dadd)
c:/program files (x86)/atmel/studio/7.0/toolchain/arm/arm-gnu-toolchain/bin/../lib/gcc/arm-none-eabi/6.3.1/thumb/v6-m\libgcc.a(divdf3.o)
                              src/ASF/sam0/drivers/sercom/i2c/i2c_sam0/i2c_master.o (__aeabi_ddiv)
c:/program files (x86)/atmel/studio/7.0/toolchain/arm/arm-gnu-toolchain/bin/../lib/gcc/arm-none-eabi/6.3.1/thumb/v6-m\libgcc.a(muldf3.o)
                              src/ASF/sam0/drivers/sercom/i2c/i2c_sam0/i2c_master.o (__aeabi_dmul)
c:/program files (x86)/atmel/studio/7.0/toolchain/arm/arm-gnu-toolchain/bin/../lib/gcc/arm-none-eabi/6.3.1/thumb/v6-m\libgcc.a(subdf3.o)
                              src/ASF/sam0/drivers/sercom/i2c/i2c_sam0/i2c_master.o (__aeabi_dsub)
c:/program files (x86)/atmel/studio/7.0/toolchain/arm/arm-gnu-toolchain/bin/../lib/gcc/arm-none-eabi/6.3.1/thumb/v6-m\libgcc.a(fixdfsi.o)
                              src/ASF/sam0/drivers/sercom/i2c/i2c_sam0/i2c_master.o (__aeabi_d2iz)
c:/program files (x86)/atmel/studio/7.0/toolchain/arm/arm-gnu-toolchain/bin/../lib/gcc/arm-none-eabi/6.3.1/thumb/v6-m\libgcc.a(floatunsidf.o)
                              src/ASF/sam0/drivers/sercom/i2c/i2c_sam0/i2c_master.o (__aeabi_ui2d)
c:/program files (x86)/atmel/studio/7.0/toolchain/arm/arm-gnu-toolchain/bin/../lib/gcc/arm-none-eabi/6.3.1/thumb/v6-m\libgcc.a(_clzsi2.o)
                              c:/program files (x86)/atmel/studio/7.0/toolchain/arm/arm-gnu-toolchain/bin/../lib/gcc/arm-none-eabi/6.3.1/thumb/v6-m\libgcc.a(adddf3.o) (__clzsi2)
c:/program files (x86)/atmel/studio/7.0/toolchain/arm/arm-gnu-toolchain/bin/../lib/gcc/arm-none-eabi/6.3.1/../../../../arm-none-eabi/lib/thumb/v6-m\libc_nano.a(lib_a-exit.o)
                              c:/program files (x86)/atmel/studio/7.0/toolchain/arm/arm-gnu-toolchain/bin/../lib/gcc/arm-none-eabi/6.3.1/../../../../arm-none-eabi/lib/thumb/v6-m/crt0.o (exit)
c:/program files (x86)/atmel/studio/7.0/toolchain/arm/arm-gnu-toolchain/bin/../lib/gcc/arm-none-eabi/6.3.1/../../../../arm-none-eabi/lib/thumb/v6-m\libc_nano.a(lib_a-impure.o)
                              c:/program files (x86)/atmel/studio/7.0/toolchain/arm/arm-gnu-toolchain/bin/../lib/gcc/arm-none-eabi/6.3.1/../../../../arm-none-eabi/lib/thumb/v6-m\libc_nano.a(lib_a-exit.o) (_global_impure_ptr)
c:/program files (x86)/atmel/studio/7.0/toolchain/arm/arm-gnu-toolchain/bin/../lib/gcc/arm-none-eabi/6.3.1/../../../../arm-none-eabi/lib/thumb/v6-m\libc_nano.a(lib_a-init.o)
                              c:/program files (x86)/atmel/studio/7.0/toolchain/arm/arm-gnu-toolchain/bin/../lib/gcc/arm-none-eabi/6.3.1/../../../../arm-none-eabi/lib/thumb/v6-m/crt0.o (__libc_init_array)
c:/program files (x86)/atmel/studio/7.0/toolchain/arm/arm-gnu-toolchain/bin/../lib/gcc/arm-none-eabi/6.3.1/../../../../arm-none-eabi/lib/thumb/v6-m\libc_nano.a(lib_a-malloc.o)
                              src/SerialConsole/circular_buffer.o (malloc)
c:/program files (x86)/atmel/studio/7.0/toolchain/arm/arm-gnu-toolchain/bin/../lib/gcc/arm-none-eabi/6.3.1/../../../../arm-none-eabi/lib/thumb/v6-m\libc_nano.a(lib_a-memcpy-stub.o)
                              src/ASF/thirdparty/fatfs/fatfs-port-r0.09/diskio.o (memcpy)
c:/program files (x86)/atmel/studio/7.0/toolchain/arm/arm-gnu-toolchain/bin/../lib/gcc/arm-none-eabi/6.3.1/../../../../arm-none-eabi/lib/thumb/v6-m\libc_nano.a(lib_a-memset.o)
                              c:/program files (x86)/atmel/studio/7.0/toolchain/arm/arm-gnu-toolchain/bin/../lib/gcc/arm-none-eabi/6.3.1/../../../../arm-none-eabi/lib/thumb/v6-m/crt0.o (memset)
[...]
Memory Configuration

Name             Origin             Length             Attributes
rom              0x00000000         0x00040000         xr
ram              0x20000000         0x00008000         xrw
*default*        0x00000000         0xffffffff

Linker script and memory map

LOAD c:/program files (x86)/atmel/studio/7.0/toolchain/arm/arm-gnu-toolchain/bin/../lib/gcc/arm-none-eabi/6.3.1/thumb/v6-m/crti.o
LOAD c:/program files (x86)/atmel/studio/7.0/toolchain/arm/arm-gnu-toolchain/bin/../lib/gcc/arm-none-eabi/6.3.1/thumb/v6-m/crtbegin.o
LOAD c:/program files (x86)/atmel/studio/7.0/toolchain/arm/arm-gnu-toolchain/bin/../lib/gcc/arm-none-eabi/6.3.1/../../../../arm-none-eabi/lib/thumb/v6-m/crt0.o
LOAD src/ASF/common2/services/delay/sam0/systick_counter.o
LOAD src/Systick/Systick.o
LOAD src/ASF/common/services/crc32/crc32.o
LOAD src/ASF/sam0/boards/board_init.o
LOAD src/ASF/sam0/drivers/dsu/crc32/crc32.o
LOAD src/ASF/sam0/drivers/nvm/nvm.o
LOAD src/ASF/sam0/drivers/pac/pac_sam_d_r_h/pac.o
LOAD src/ASF/sam0/drivers/sercom/i2c/i2c_sam0/i2c_master.o
LOAD src/SD Card/SdCard.o
LOAD src/SerialConsole/circular_buffer.o
LOAD src/SerialConsole/SerialConsole.o
LOAD src/ASF/common2/components/memory/sd_mmc/sd_mmc.o
LOAD src/ASF/common2/components/memory/sd_mmc/sd_mmc_mem.o
LOAD src/ASF/common2/components/memory/sd_mmc/sd_mmc_spi.o
LOAD src/ASF/common/services/storage/ctrl_access/ctrl_access.o
LOAD src/ASF/common/utils/interrupt/interrupt_sam_nvic.o
LOAD src/ASF/sam0/drivers/port/port.o
LOAD src/ASF/sam0/drivers/rtc/rtc_sam_d_r_h/rtc_calendar.o
LOAD src/ASF/sam0/drivers/sercom/sercom.o
LOAD src/ASF/sam0/drivers/sercom/sercom_interrupt.o
LOAD src/ASF/sam0/drivers/sercom/spi/spi.o
LOAD src/ASF/sam0/drivers/sercom/spi/spi_interrupt.o
LOAD src/ASF/sam0/drivers/sercom/usart/usart.o
LOAD src/ASF/sam0/drivers/sercom/usart/usart_interrupt.o
LOAD src/ASF/sam0/drivers/system/clock/clock_samd21_r21_da_ha1/clock.o
LOAD src/ASF/sam0/drivers/system/clock/clock_samd21_r21_da_ha1/gclk.o
LOAD src/ASF/sam0/drivers/system/interrupt/system_interrupt.o
LOAD src/ASF/sam0/drivers/system/pinmux/pinmux.o
LOAD src/ASF/sam0/drivers/system/system.o
LOAD src/ASF/sam0/utils/cmsis/samd21/source/gcc/startup_samd21.o
LOAD src/ASF/sam0/utils/cmsis/samd21/source/system_samd21.o
LOAD src/ASF/sam0/utils/stdio/read.o
LOAD src/ASF/sam0/utils/stdio/write.o
LOAD src/ASF/sam0/utils/syscalls/gcc/syscalls.o
LOAD src/ASF/thirdparty/fatfs/fatfs-port-r0.09/diskio.o
LOAD src/ASF/thirdparty/fatfs/fatfs-port-r0.09/sam0/fattime_rtc.o
LOAD src/ASF/thirdparty/fatfs/fatfs-r0.09/src/ff.o
LOAD src/ASF/thirdparty/fatfs/fatfs-r0.09/src/option/ccsbcs.o
LOAD src/BootMain.o
START GROUP
LOAD ../src/ASF/thirdparty/CMSIS/Lib/GCC\libarm_cortexM0l_math.a
LOAD c:/program files (x86)/atmel/studio/7.0/toolchain/arm/arm-gnu-toolchain/bin/../lib/gcc/arm-none-eabi/6.3.1/../../../../arm-none-eabi/lib/thumb/v6-m\libm.a
END GROUP
                0x00002000                __stack_size__ = 0x2000
START GROUP
LOAD c:/program files (x86)/atmel/studio/7.0/toolchain/arm/arm-gnu-toolchain/bin/../lib/gcc/arm-none-eabi/6.3.1/thumb/v6-m\libgcc.a
LOAD c:/program files (x86)/atmel/studio/7.0/toolchain/arm/arm-gnu-toolchain/bin/../lib/gcc/arm-none-eabi/6.3.1/../../../../arm-none-eabi/lib/thumb/v6-m\libc_nano.a
END GROUP
START GROUP
LOAD c:/program files (x86)/atmel/studio/7.0/toolchain/arm/arm-gnu-toolchain/bin/../lib/gcc/arm-none-eabi/6.3.1/thumb/v6-m\libgcc.a
LOAD c:/program files (x86)/atmel/studio/7.0/toolchain/arm/arm-gnu-toolchain/bin/../lib/gcc/arm-none-eabi/6.3.1/../../../../arm-none-eabi/lib/thumb/v6-m\libc_nano.a
END GROUP
LOAD c:/program files (x86)/atmel/studio/7.0/toolchain/arm/arm-gnu-toolchain/bin/../lib/gcc/arm-none-eabi/6.3.1/thumb/v6-m/crtend.o
LOAD c:/program files (x86)/atmel/studio/7.0/toolchain/arm/arm-gnu-toolchain/bin/../lib/gcc/arm-none-eabi/6.3.1/thumb/v6-m/crtn.o
                0x00002000                STACK_SIZE = DEFINED (STACK_SIZE)?STACK_SIZE:DEFINED (__stack_size__)?__stack_size__:0x2000

.text           0x00000000     0xd6b0
                0x00000000                . = ALIGN (0x4)
                0x00000000                _sfixed = .
 *(.vectors .vectors.*)
 .vectors       0x00000000       0xb4 src/ASF/sam0/utils/cmsis/samd21/source/gcc/startup_samd21.o
                0x00000000                exception_table
 *(.text .text.* .gnu.linkonce.t.*)
 .text          0x000000b4       0x60 c:/program files (x86)/atmel/studio/7.0/toolchain/arm/arm-gnu-toolchain/bin/../lib/gcc/arm-none-eabi/6.3.1/thumb/v6-m/crtbegin.o
 .text.delay_cycles
                0x00000114       0x34 src/ASF/common2/services/delay/sam0/systick_counter.o
 .text.delay_init
                0x00000148       0x58 src/ASF/common2/services/delay/sam0/systick_counter.o
                0x00000148                delay_init
 .text.delay_cycles_ms
                0x000001a0       0x30 src/ASF/common2/services/delay/sam0/systick_counter.o
                0x000001a0                delay_cycles_ms
 .text.GetSystick
                0x000001d0       0x14 src/Systick/Systick.o
                0x000001d0                GetSystick
 .text.SysTick_Handler
                0x000001e4       0x18 src/Systick/Systick.o
                0x000001e4                SysTick_Handler
 .text.system_pinmux_get_group_from_gpio_pin
                0x000001fc       0x60 src/ASF/sam0/boards/board_init.o
 .text.port_get_group_from_gpio_pin
                0x0000025c       0x24 src/ASF/sam0/boards/board_init.o
 .text.port_get_config_defaults
                0x00000280       0x22 src/ASF/sam0/boards/board_init.o
 *fill*         0x000002a2        0x2 
 .text.port_pin_set_output_level
                0x000002a4       0x54 src/ASF/sam0/boards/board_init.o
 .text.system_board_init
                0x000002f8       0x50 src/ASF/sam0/boards/board_init.o
                0x000002f8                board_init
                0x000002f8                system_board_init
 .text.nvm_is_ready
                0x00000348       0x28 src/ASF/sam0/drivers/nvm/nvm.o
 .text.system_apb_clock_set_mask
                0x00000370       0x5c src/ASF/sam0/drivers/nvm/nvm.o
 .text.nvm_set_config
                0x000003cc       0xd8 src/ASF/sam0/drivers/nvm/nvm.o
                0x000003cc                nvm_set_config
 .text.nvm_execute_command
                0x000004a4      0x118 src/ASF/sam0/drivers/nvm/nvm.o
                0x000004a4                nvm_execute_command
 .text.nvm_write_buffer
                0x000005bc      0x14c src/ASF/sam0/drivers/nvm/nvm.o
                0x000005bc                nvm_write_buffer
 .text.nvm_erase_row
                0x00000708       0xa8 src/ASF/sam0/drivers/nvm/nvm.o
                0x00000708                nvm_erase_row
 .text.nvm_get_parameters
                0x000007b0       0xbc src/ASF/sam0/drivers/nvm/nvm.o
                0x000007b0                nvm_get_parameters
 .text.SdCard_Initiate
                0x0000086c       0x6c src/SD Card/SdCard.o
                0x0000086c                SdCard_Initiate
 .text.advance_pointer
                0x000008d8       0x60 src/SerialConsole/circular_buffer.o
 .text.retreat_pointer
                0x00000938       0x34 src/SerialConsole/circular_buffer.o
 .text.circular_buf_init
                0x0000096c       0x3c src/SerialConsole/circular_buffer.o
                0x0000096c                circular_buf_init
 .text.circular_buf_reset
                0x000009a8       0x22 src/SerialConsole/circular_buffer.o
                0x000009a8                circular_buf_reset
 *fill*         0x000009ca        0x2 
 .text.circular_buf_put
                0x000009cc       0x34 src/SerialConsole/circular_buffer.o
                0x000009cc                circular_buf_put
 .text.circular_buf_get
                0x00000a00       0x54 src/SerialConsole/circular_buffer.o
                0x00000a00                circular_buf_get
 .text.circular_buf_empty
                0x00000a54       0x38 src/SerialConsole/circular_buffer.o
                0x00000a54                circular_buf_empty
 .text.system_interrupt_enable
                0x00000a8c       0x2c src/SerialConsole/SerialConsole.o
 .text.system_interrupt_disable
                0x00000ab8       0x30 src/SerialConsole/SerialConsole.o
 .text.usart_is_syncing
                0x00000ae8       0x20 src/SerialConsole/SerialConsole.o
 .text._usart_wait_for_sync
                0x00000b08       0x24 src/SerialConsole/SerialConsole.o
 .text.usart_get_config_defaults
                0x00000b2c       0xbe src/SerialConsole/SerialConsole.o
 *fill*         0x00000bea        0x2 
 .text.usart_enable
                0x00000bec       0x48 src/SerialConsole/SerialConsole.o
 .text.usart_disable
                0x00000c34       0x4c src/SerialConsole/SerialConsole.o
 .text.usart_enable_callback
                0x00000c80       0x36 src/SerialConsole/SerialConsole.o
 *fill*         0x00000cb6        0x2 
 .text.usart_serial_putchar
                0x00000cb8       0x34 src/SerialConsole/SerialConsole.o
 .text.usart_serial_getchar
                0x00000cec       0x40 src/SerialConsole/SerialConsole.o
 .text.stdio_serial_init
                0x00000d2c       0x60 src/SerialConsole/SerialConsole.o
 .text.InitializeSerialConsole
                0x00000d8c       0x70 src/SerialConsole/SerialConsole.o
                0x00000d8c                InitializeSerialConsole
 .text.DeinitializeSerialConsole
                0x00000dfc       0x1c src/SerialConsole/SerialConsole.o
                0x00000dfc                DeinitializeSerialConsole
 .text.SerialConsoleWriteString
                0x00000e18       0x8c src/SerialConsole/SerialConsole.o
                0x00000e18                SerialConsoleWriteString
 .text.LogMessage
                0x00000ea4       0x1c src/SerialConsole/SerialConsole.o
                0x00000ea4                LogMessage
 .text.configure_usart
                0x00000ec0       0x88 src/SerialConsole/SerialConsole.o
 .text.configure_usart_callbacks
                0x00000f48       0x4c src/SerialConsole/SerialConsole.o
 .text.usart_read_callback
                0x00000f94       0x70 src/SerialConsole/SerialConsole.o
                0x00000f94                usart_read_callback
 .text.usart_write_callback
                0x00001004       0x44 src/SerialConsole/SerialConsole.o
                0x00001004                usart_write_callback
 .text.SDMMC_UNSTUFF_BITS
                0x00001048      0x15c src/ASF/common2/components/memory/sd_mmc/sd_mmc.o
 .text.mmc_spi_op_cond
                0x000011a4       0xac src/ASF/common2/components/memory/sd_mmc/sd_mmc.o
 .text.sd_spi_op_cond
                0x00001250       0xe4 src/ASF/common2/components/memory/sd_mmc/sd_mmc.o
 .text.sdio_op_cond
                0x00001334        0xc src/ASF/common2/components/memory/sd_mmc/sd_mmc.o
 .text.sd_cmd8  0x00001340       0x70 src/ASF/common2/components/memory/sd_mmc/sd_mmc.o
 .text.mmc_cmd8
                0x000013b0      0x12c src/ASF/common2/components/memory/sd_mmc/sd_mmc.o
 .text.sd_mmc_cmd9_spi
                0x000014dc       0x70 src/ASF/common2/components/memory/sd_mmc/sd_mmc.o
 .text.mmc_decode_csd
                0x0000154c      0x130 src/ASF/common2/components/memory/sd_mmc/sd_mmc.o
 .text.sd_decode_csd
                0x0000167c       0xec src/ASF/common2/components/memory/sd_mmc/sd_mmc.o
 .text.sd_mmc_cmd13
                0x00001768       0x5c src/ASF/common2/components/memory/sd_mmc/sd_mmc.o
 .text.sd_acmd51
                0x000017c4      0x108 src/ASF/common2/components/memory/sd_mmc/sd_mmc.o
 .text.sd_mmc_select_slot
                0x000018cc       0xc4 src/ASF/common2/components/memory/sd_mmc/sd_mmc.o
 .text.sd_mmc_configure_slot
                0x00001990       0x38 src/ASF/common2/components/memory/sd_mmc/sd_mmc.o
 .text.sd_mmc_deselect_slot
                0x000019c8       0x24 src/ASF/common2/components/memory/sd_mmc/sd_mmc.o
 .text.sd_mmc_spi_card_init
                0x000019ec      0x1ac src/ASF/common2/components/memory/sd_mmc/sd_mmc.o
 .text.sd_mmc_spi_install_mmc
                0x00001b98      0x100 src/ASF/common2/components/memory/sd_mmc/sd_mmc.o
 .text.sd_mmc_init
                0x00001c98       0x50 src/ASF/common2/components/memory/sd_mmc/sd_mmc.o
                0x00001c98                sd_mmc_init
 .text.sd_mmc_check
                0x00001ce8       0x74 src/ASF/common2/components/memory/sd_mmc/sd_mmc.o
                0x00001ce8                sd_mmc_check
 .text.sd_mmc_get_type
                0x00001d5c       0x3c src/ASF/common2/components/memory/sd_mmc/sd_mmc.o
                0x00001d5c                sd_mmc_get_type
 .text.sd_mmc_get_capacity
                0x00001d98       0x3c src/ASF/common2/components/memory/sd_mmc/sd_mmc.o
                0x00001d98                sd_mmc_get_capacity
 .text.sd_mmc_is_write_protected
                0x00001dd4       0x16 src/ASF/common2/components/memory/sd_mmc/sd_mmc.o
                0x00001dd4                sd_mmc_is_write_protected
 *fill*         0x00001dea        0x2 
 .text.sd_mmc_init_read_blocks
                0x00001dec       0xec src/ASF/common2/components/memory/sd_mmc/sd_mmc.o
                0x00001dec                sd_mmc_init_read_blocks
 .text.sd_mmc_start_read_blocks
                0x00001ed8       0x58 src/ASF/common2/components/memory/sd_mmc/sd_mmc.o
                0x00001ed8                sd_mmc_start_read_blocks
 .text.sd_mmc_wait_end_of_read_blocks
                0x00001f30       0x98 src/ASF/common2/components/memory/sd_mmc/sd_mmc.o
                0x00001f30                sd_mmc_wait_end_of_read_blocks
 .text.sd_mmc_init_write_blocks
                0x00001fc8       0xe8 src/ASF/common2/components/memory/sd_mmc/sd_mmc.o
                0x00001fc8                sd_mmc_init_write_blocks
 .text.sd_mmc_start_write_blocks
                0x000020b0       0x58 src/ASF/common2/components/memory/sd_mmc/sd_mmc.o
                0x000020b0                sd_mmc_start_write_blocks
 .text.sd_mmc_wait_end_of_write_blocks
                0x00002108       0x6c src/ASF/common2/components/memory/sd_mmc/sd_mmc.o
                0x00002108                sd_mmc_wait_end_of_write_blocks
 .text.sd_mmc_test_unit_ready
                0x00002174       0x78 src/ASF/common2/components/memory/sd_mmc/sd_mmc_mem.o
                0x00002174                sd_mmc_test_unit_ready
 .text.sd_mmc_test_unit_ready_0
                0x000021ec       0x18 src/ASF/common2/components/memory/sd_mmc/sd_mmc_mem.o
                0x000021ec                sd_mmc_test_unit_ready_0
 .text.sd_mmc_read_capacity
                0x00002204       0x40 src/ASF/common2/components/memory/sd_mmc/sd_mmc_mem.o
                0x00002204                sd_mmc_read_capacity
 .text.sd_mmc_read_capacity_0
                0x00002244       0x20 src/ASF/common2/components/memory/sd_mmc/sd_mmc_mem.o
                0x00002244                sd_mmc_read_capacity_0
 .text.sd_mmc_unload
                0x00002264       0x2c src/ASF/common2/components/memory/sd_mmc/sd_mmc_mem.o
                0x00002264                sd_mmc_unload
 .text.sd_mmc_unload_0
                0x00002290       0x28 src/ASF/common2/components/memory/sd_mmc/sd_mmc_mem.o
                0x00002290                sd_mmc_unload_0
 .text.sd_mmc_wr_protect
                0x000022b8       0x24 src/ASF/common2/components/memory/sd_mmc/sd_mmc_mem.o
                0x000022b8                sd_mmc_wr_protect
 .text.sd_mmc_wr_protect_0
                0x000022dc       0x18 src/ASF/common2/components/memory/sd_mmc/sd_mmc_mem.o
                0x000022dc                sd_mmc_wr_protect_0
 .text.sd_mmc_removal
                0x000022f4       0x16 src/ASF/common2/components/memory/sd_mmc/sd_mmc_mem.o
                0x000022f4                sd_mmc_removal
 *fill*         0x0000230a        0x2 
 .text.sd_mmc_removal_0
                0x0000230c       0x18 src/ASF/common2/components/memory/sd_mmc/sd_mmc_mem.o
                0x0000230c                sd_mmc_removal_0
 .text.sd_mmc_mem_2_ram
                0x00002324       0x6c src/ASF/common2/components/memory/sd_mmc/sd_mmc_mem.o
                0x00002324                sd_mmc_mem_2_ram
 .text.sd_mmc_mem_2_ram_0
                0x00002390       0x24 src/ASF/common2/components/memory/sd_mmc/sd_mmc_mem.o
                0x00002390                sd_mmc_mem_2_ram_0
 .text.sd_mmc_ram_2_mem
                0x000023b4       0x6c src/ASF/common2/components/memory/sd_mmc/sd_mmc_mem.o
                0x000023b4                sd_mmc_ram_2_mem
 .text.sd_mmc_ram_2_mem_0
                0x00002420       0x24 src/ASF/common2/components/memory/sd_mmc/sd_mmc_mem.o
                0x00002420                sd_mmc_ram_2_mem_0
 .text.system_pinmux_get_group_from_gpio_pin
                0x00002444       0x60 src/ASF/common2/components/memory/sd_mmc/sd_mmc_spi.o
 .text.port_get_group_from_gpio_pin
                0x000024a4       0x24 src/ASF/common2/components/memory/sd_mmc/sd_mmc_spi.o
 .text.port_get_config_defaults
                0x000024c8       0x22 src/ASF/common2/components/memory/sd_mmc/sd_mmc_spi.o
 *fill*         0x000024ea        0x2 
 .text.port_pin_set_output_level
                0x000024ec       0x54 src/ASF/common2/components/memory/sd_mmc/sd_mmc_spi.o
 .text.system_interrupt_enable
                0x00002540       0x2c src/ASF/common2/components/memory/sd_mmc/sd_mmc_spi.o
 .text.spi_is_syncing
                0x0000256c       0x20 src/ASF/common2/components/memory/sd_mmc/sd_mmc_spi.o
 .text.spi_get_config_defaults
                0x0000258c       0x84 src/ASF/common2/components/memory/sd_mmc/sd_mmc_spi.o
 .text.spi_slave_inst_get_config_defaults
                0x00002610       0x22 src/ASF/common2/components/memory/sd_mmc/sd_mmc_spi.o
 *fill*         0x00002632        0x2 
 .text.spi_attach_slave
                0x00002634       0x64 src/ASF/common2/components/memory/sd_mmc/sd_mmc_spi.o
 .text.spi_enable
                0x00002698       0x50 src/ASF/common2/components/memory/sd_mmc/sd_mmc_spi.o
 .text.sd_mmc_spi_crc7
                0x000026e8       0xbc src/ASF/common2/components/memory/sd_mmc/sd_mmc_spi.o
 .text.sd_mmc_spi_wait_busy
                0x000027a4       0x6c src/ASF/common2/components/memory/sd_mmc/sd_mmc_spi.o
 .text.sd_mmc_spi_start_read_block
                0x00002810       0x84 src/ASF/common2/components/memory/sd_mmc/sd_mmc_spi.o
 .text.sd_mmc_spi_stop_read_block
                0x00002894       0x2c src/ASF/common2/components/memory/sd_mmc/sd_mmc_spi.o
 .text.sd_mmc_spi_start_write_block
                0x000028c0       0x50 src/ASF/common2/components/memory/sd_mmc/sd_mmc_spi.o
 .text.sd_mmc_spi_stop_write_block
                0x00002910       0x94 src/ASF/common2/components/memory/sd_mmc/sd_mmc_spi.o
 .text.sd_mmc_spi_stop_multiwrite_block
                0x000029a4       0x9c src/ASF/common2/components/memory/sd_mmc/sd_mmc_spi.o
 .text.sd_mmc_deinit
                0x00002a40       0x1c src/ASF/common2/components/memory/sd_mmc/sd_mmc_spi.o
                0x00002a40                sd_mmc_deinit
 .text.sd_mmc_spi_init
                0x00002a5c       0xc8 src/ASF/common2/components/memory/sd_mmc/sd_mmc_spi.o
                0x00002a5c                sd_mmc_spi_init
 .text.sd_mmc_spi_select_device
                0x00002b24       0x88 src/ASF/common2/components/memory/sd_mmc/sd_mmc_spi.o
                0x00002b24                sd_mmc_spi_select_device
 .text.sd_mmc_spi_deselect_device
                0x00002bac       0x44 src/ASF/common2/components/memory/sd_mmc/sd_mmc_spi.o
                0x00002bac                sd_mmc_spi_deselect_device
 .text.sd_mmc_spi_send_clock
                0x00002bf0       0x4c src/ASF/common2/components/memory/sd_mmc/sd_mmc_spi.o
                0x00002bf0                sd_mmc_spi_send_clock
 .text.sd_mmc_spi_send_cmd
                0x00002c3c       0x28 src/ASF/common2/components/memory/sd_mmc/sd_mmc_spi.o
                0x00002c3c                sd_mmc_spi_send_cmd
 .text.sd_mmc_spi_adtc_start
                0x00002c64      0x218 src/ASF/common2/components/memory/sd_mmc/sd_mmc_spi.o
                0x00002c64                sd_mmc_spi_adtc_start
 .text.sd_mmc_spi_get_response
                0x00002e7c       0x14 src/ASF/common2/components/memory/sd_mmc/sd_mmc_spi.o
                0x00002e7c                sd_mmc_spi_get_response
 .text.sd_mmc_spi_read_word
                0x00002e90       0xa4 src/ASF/common2/components/memory/sd_mmc/sd_mmc_spi.o
                0x00002e90                sd_mmc_spi_read_word
 .text.sd_mmc_spi_start_read_blocks
                0x00002f34       0xa4 src/ASF/common2/components/memory/sd_mmc/sd_mmc_spi.o
                0x00002f34                sd_mmc_spi_start_read_blocks
 .text.sd_mmc_spi_wait_end_of_read_blocks
                0x00002fd8        0xc src/ASF/common2/components/memory/sd_mmc/sd_mmc_spi.o
                0x00002fd8                sd_mmc_spi_wait_end_of_read_blocks
 .text.sd_mmc_spi_start_write_blocks
                0x00002fe4       0xc0 src/ASF/common2/components/memory/sd_mmc/sd_mmc_spi.o
                0x00002fe4                sd_mmc_spi_start_write_blocks
 .text.sd_mmc_spi_wait_end_of_write_blocks
                0x000030a4       0x38 src/ASF/common2/components/memory/sd_mmc/sd_mmc_spi.o
                0x000030a4                sd_mmc_spi_wait_end_of_write_blocks
 .text.mem_test_unit_ready
                0x000030dc       0x40 src/ASF/common/services/storage/ctrl_access/ctrl_access.o
                0x000030dc                mem_test_unit_ready
 .text.mem_read_capacity
                0x0000311c       0x4c src/ASF/common/services/storage/ctrl_access/ctrl_access.o
                0x0000311c                mem_read_capacity
 .text.mem_sector_size
                0x00003168       0x2a src/ASF/common/services/storage/ctrl_access/ctrl_access.o
                0x00003168                mem_sector_size
 *fill*         0x00003192        0x2 
 .text.mem_wr_protect
                0x00003194       0x48 src/ASF/common/services/storage/ctrl_access/ctrl_access.o
                0x00003194                mem_wr_protect
 .text.memory_2_ram
                0x000031dc       0x54 src/ASF/common/services/storage/ctrl_access/ctrl_access.o
                0x000031dc                memory_2_ram
 .text.ram_2_memory
                0x00003230       0x54 src/ASF/common/services/storage/ctrl_access/ctrl_access.o
                0x00003230                ram_2_memory
 .text.cpu_irq_enter_critical
                0x00003284       0x54 src/ASF/common/utils/interrupt/interrupt_sam_nvic.o
                0x00003284                cpu_irq_enter_critical
 .text.cpu_irq_leave_critical
                0x000032d8       0x40 src/ASF/common/utils/interrupt/interrupt_sam_nvic.o
                0x000032d8                cpu_irq_leave_critical
 .text.system_pinmux_get_config_defaults
                0x00003318       0x28 src/ASF/sam0/drivers/port/port.o
 .text.port_pin_set_config
                0x00003340       0x60 src/ASF/sam0/drivers/port/port.o
                0x00003340                port_pin_set_config
 .text.system_gclk_chan_get_config_defaults
                0x000033a0       0x16 src/ASF/sam0/drivers/rtc/rtc_sam_d_r_h/rtc_calendar.o
 *fill*         0x000033b6        0x2 
 .text.system_apb_clock_set_mask
                0x000033b8       0x5c src/ASF/sam0/drivers/rtc/rtc_sam_d_r_h/rtc_calendar.o
 .text.rtc_calendar_is_syncing
                0x00003414       0x28 src/ASF/sam0/drivers/rtc/rtc_sam_d_r_h/rtc_calendar.o
 .text.rtc_calendar_enable
                0x0000343c       0x38 src/ASF/sam0/drivers/rtc/rtc_sam_d_r_h/rtc_calendar.o
                0x0000343c                rtc_calendar_enable
 .text.rtc_calendar_disable
                0x00003474       0x44 src/ASF/sam0/drivers/rtc/rtc_sam_d_r_h/rtc_calendar.o
                0x00003474                rtc_calendar_disable
 .text.rtc_calendar_reset
                0x000034b8       0x44 src/ASF/sam0/drivers/rtc/rtc_sam_d_r_h/rtc_calendar.o
                0x000034b8                rtc_calendar_reset
 .text.rtc_calendar_time_to_register_value
                0x000034fc       0x88 src/ASF/sam0/drivers/rtc/rtc_sam_d_r_h/rtc_calendar.o
                0x000034fc                rtc_calendar_time_to_register_value
 .text.rtc_calendar_register_value_to_time
                0x00003584       0xa0 src/ASF/sam0/drivers/rtc/rtc_sam_d_r_h/rtc_calendar.o
                0x00003584                rtc_calendar_register_value_to_time
 .text._rtc_calendar_set_config
                0x00003624       0xc8 src/ASF/sam0/drivers/rtc/rtc_sam_d_r_h/rtc_calendar.o
 .text.rtc_calendar_init
                0x000036ec       0x94 src/ASF/sam0/drivers/rtc/rtc_sam_d_r_h/rtc_calendar.o
                0x000036ec                rtc_calendar_init
 .text.rtc_calendar_get_time
                0x00003780       0x8c src/ASF/sam0/drivers/rtc/rtc_sam_d_r_h/rtc_calendar.o
                0x00003780                rtc_calendar_get_time
 .text.rtc_calendar_set_alarm
                0x0000380c       0x74 src/ASF/sam0/drivers/rtc/rtc_sam_d_r_h/rtc_calendar.o
                0x0000380c                rtc_calendar_set_alarm
 .text.system_gclk_chan_get_config_defaults
                0x00003880       0x16 src/ASF/sam0/drivers/sercom/sercom.o
 .text.long_division
                0x00003896       0xe0 src/ASF/sam0/drivers/sercom/sercom.o
 .text._sercom_get_sync_baud_val
                0x00003976       0x7c src/ASF/sam0/drivers/sercom/sercom.o
                0x00003976                _sercom_get_sync_baud_val
 *fill*         0x000039f2        0x2 
 .text._sercom_get_async_baud_val
                0x000039f4      0x1c0 src/ASF/sam0/drivers/sercom/sercom.o
                0x000039f4                _sercom_get_async_baud_val
 .text.sercom_set_gclk_generator
                0x00003bb4       0x8c src/ASF/sam0/drivers/sercom/sercom.o
                0x00003bb4                sercom_set_gclk_generator
 .text._sercom_get_default_pad
                0x00003c40      0x1bc src/ASF/sam0/drivers/sercom/sercom.o
                0x00003c40                _sercom_get_default_pad
 .text._sercom_get_sercom_inst_index
                0x00003dfc       0x50 src/ASF/sam0/drivers/sercom/sercom.o
                0x00003dfc                _sercom_get_sercom_inst_index
 .text._sercom_default_handler
                0x00003e4c       0x14 src/ASF/sam0/drivers/sercom/sercom_interrupt.o
 .text._sercom_set_handler
                0x00003e60       0x6c src/ASF/sam0/drivers/sercom/sercom_interrupt.o
                0x00003e60                _sercom_set_handler
 .text._sercom_get_interrupt_vector
                0x00003ecc       0x44 src/ASF/sam0/drivers/sercom/sercom_interrupt.o
                0x00003ecc                _sercom_get_interrupt_vector
 .text.SERCOM0_Handler
                0x00003f10       0x18 src/ASF/sam0/drivers/sercom/sercom_interrupt.o
                0x00003f10                SERCOM0_Handler
 .text.SERCOM1_Handler
                0x00003f28       0x18 src/ASF/sam0/drivers/sercom/sercom_interrupt.o
                0x00003f28                SERCOM1_Handler
 .text.SERCOM2_Handler
                0x00003f40       0x18 src/ASF/sam0/drivers/sercom/sercom_interrupt.o
                0x00003f40                SERCOM2_Handler
 .text.SERCOM3_Handler
                0x00003f58       0x18 src/ASF/sam0/drivers/sercom/sercom_interrupt.o
                0x00003f58                SERCOM3_Handler
 .text.SERCOM4_Handler
                0x00003f70       0x18 src/ASF/sam0/drivers/sercom/sercom_interrupt.o
                0x00003f70                SERCOM4_Handler
 .text.SERCOM5_Handler
                0x00003f88       0x18 src/ASF/sam0/drivers/sercom/sercom_interrupt.o
                0x00003f88                SERCOM5_Handler
 .text.system_pinmux_get_config_defaults
                0x00003fa0       0x28 src/ASF/sam0/drivers/sercom/spi/spi.o
 .text.system_pinmux_get_group_from_gpio_pin
                0x00003fc8       0x60 src/ASF/sam0/drivers/sercom/spi/spi.o
 .text.port_get_group_from_gpio_pin
                0x00004028       0x24 src/ASF/sam0/drivers/sercom/spi/spi.o
 .text.port_pin_set_output_level
                0x0000404c       0x54 src/ASF/sam0/drivers/sercom/spi/spi.o
 .text.system_gclk_chan_get_config_defaults
                0x000040a0       0x16 src/ASF/sam0/drivers/sercom/spi/spi.o
 *fill*         0x000040b6        0x2 
 .text.system_apb_clock_set_mask
                0x000040b8       0x5c src/ASF/sam0/drivers/sercom/spi/spi.o
 .text.system_is_debugger_present
                0x00004114       0x20 src/ASF/sam0/drivers/sercom/spi/spi.o
 .text.system_interrupt_enable
                0x00004134       0x2c src/ASF/sam0/drivers/sercom/spi/spi.o
 .text.system_interrupt_disable
                0x00004160       0x30 src/ASF/sam0/drivers/sercom/spi/spi.o
 .text.spi_is_syncing
                0x00004190       0x20 src/ASF/sam0/drivers/sercom/spi/spi.o
 .text.spi_enable
                0x000041b0       0x50 src/ASF/sam0/drivers/sercom/spi/spi.o
 .text.spi_disable
                0x00004200       0x5c src/ASF/sam0/drivers/sercom/spi/spi.o
 .text.spi_is_write_complete
                0x0000425c       0x28 src/ASF/sam0/drivers/sercom/spi/spi.o
 .text.spi_is_ready_to_write
                0x00004284       0x28 src/ASF/sam0/drivers/sercom/spi/spi.o
 .text.spi_is_ready_to_read
                0x000042ac       0x28 src/ASF/sam0/drivers/sercom/spi/spi.o
 .text.spi_write
                0x000042d4       0x48 src/ASF/sam0/drivers/sercom/spi/spi.o
 .text.spi_read
                0x0000431c       0x88 src/ASF/sam0/drivers/sercom/spi/spi.o
 .text.spi_reset
                0x000043a4       0x40 src/ASF/sam0/drivers/sercom/spi/spi.o
                0x000043a4                spi_reset
 .text.spi_set_baudrate
                0x000043e4       0xc8 src/ASF/sam0/drivers/sercom/spi/spi.o
                0x000043e4                spi_set_baudrate
 .text._spi_set_config
                0x000044ac      0x210 src/ASF/sam0/drivers/sercom/spi/spi.o
 .text.spi_init
                0x000046bc      0x190 src/ASF/sam0/drivers/sercom/spi/spi.o
                0x000046bc                spi_init
 .text.spi_read_buffer_wait
                0x0000484c      0x134 src/ASF/sam0/drivers/sercom/spi/spi.o
                0x0000484c                spi_read_buffer_wait
 .text.spi_select_slave
                0x00004980       0xf0 src/ASF/sam0/drivers/sercom/spi/spi.o
                0x00004980                spi_select_slave
 .text.spi_write_buffer_wait
                0x00004a70      0x14c src/ASF/sam0/drivers/sercom/spi/spi.o
                0x00004a70                spi_write_buffer_wait
 .text._spi_write
                0x00004bbc       0x7a src/ASF/sam0/drivers/sercom/spi/spi_interrupt.o
 *fill*         0x00004c36        0x2 
 .text._spi_write_dummy
                0x00004c38       0x34 src/ASF/sam0/drivers/sercom/spi/spi_interrupt.o
 .text._spi_read_dummy
                0x00004c6c       0x36 src/ASF/sam0/drivers/sercom/spi/spi_interrupt.o
 .text._spi_read
                0x00004ca2       0x70 src/ASF/sam0/drivers/sercom/spi/spi_interrupt.o
 *fill*         0x00004d12        0x2 
 .text._spi_interrupt_handler
                0x00004d14      0x280 src/ASF/sam0/drivers/sercom/spi/spi_interrupt.o
                0x00004d14                _spi_interrupt_handler
 .text.system_gclk_chan_get_config_defaults
                0x00004f94       0x16 src/ASF/sam0/drivers/sercom/usart/usart.o
 *fill*         0x00004faa        0x2 
 .text.system_apb_clock_set_mask
                0x00004fac       0x5c src/ASF/sam0/drivers/sercom/usart/usart.o
 .text.system_pinmux_get_config_defaults
                0x00005008       0x28 src/ASF/sam0/drivers/sercom/usart/usart.o
 .text.system_is_debugger_present
                0x00005030       0x20 src/ASF/sam0/drivers/sercom/usart/usart.o
 .text.usart_is_syncing
                0x00005050       0x20 src/ASF/sam0/drivers/sercom/usart/usart.o
 .text._usart_wait_for_sync
                0x00005070       0x24 src/ASF/sam0/drivers/sercom/usart/usart.o
 .text._usart_set_config
                0x00005094      0x2dc src/ASF/sam0/drivers/sercom/usart/usart.o
 .text.usart_init
                0x00005370      0x274 src/ASF/sam0/drivers/sercom/usart/usart.o
                0x00005370                usart_init
 .text.usart_write_wait
                0x000055e4       0x64 src/ASF/sam0/drivers/sercom/usart/usart.o
                0x000055e4                usart_write_wait
 .text.usart_read_wait
                0x00005648       0xec src/ASF/sam0/drivers/sercom/usart/usart.o
                0x00005648                usart_read_wait
 .text.system_interrupt_enter_critical_section
                0x00005734       0x14 src/ASF/sam0/drivers/sercom/usart/usart_interrupt.o
 .text.system_interrupt_leave_critical_section
                0x00005748       0x14 src/ASF/sam0/drivers/sercom/usart/usart_interrupt.o
 .text.usart_is_syncing
                0x0000575c       0x20 src/ASF/sam0/drivers/sercom/usart/usart_interrupt.o
 .text._usart_wait_for_sync
                0x0000577c       0x24 src/ASF/sam0/drivers/sercom/usart/usart_interrupt.o
 .text._usart_write_buffer
                0x000057a0       0x5c src/ASF/sam0/drivers/sercom/usart/usart_interrupt.o
                0x000057a0                _usart_write_buffer
 .text._usart_read_buffer
                0x000057fc       0x78 src/ASF/sam0/drivers/sercom/usart/usart_interrupt.o
                0x000057fc                _usart_read_buffer
 .text.usart_register_callback
                0x00005874       0x48 src/ASF/sam0/drivers/sercom/usart/usart_interrupt.o
                0x00005874                usart_register_callback
 .text.usart_write_buffer_job
                0x000058bc       0x48 src/ASF/sam0/drivers/sercom/usart/usart_interrupt.o
                0x000058bc                usart_write_buffer_job
 .text.usart_read_buffer_job
                0x00005904       0x48 src/ASF/sam0/drivers/sercom/usart/usart_interrupt.o
                0x00005904                usart_read_buffer_job
 .text.usart_get_job_status
                0x0000594c       0x50 src/ASF/sam0/drivers/sercom/usart/usart_interrupt.o
                0x0000594c                usart_get_job_status
 .text._usart_interrupt_handler
                0x0000599c      0x340 src/ASF/sam0/drivers/sercom/usart/usart_interrupt.o
                0x0000599c                _usart_interrupt_handler
 .text.system_gclk_gen_get_config_defaults
                0x00005cdc       0x2e src/ASF/sam0/drivers/system/clock/clock_samd21_r21_da_ha1/clock.o
 .text.system_gclk_chan_get_config_defaults
                0x00005d0a       0x16 src/ASF/sam0/drivers/system/clock/clock_samd21_r21_da_ha1/clock.o
 .text.system_clock_source_xosc32k_get_config_defaults
                0x00005d20       0x48 src/ASF/sam0/drivers/system/clock/clock_samd21_r21_da_ha1/clock.o
 .text.system_clock_source_osc8m_get_config_defaults
                0x00005d68       0x22 src/ASF/sam0/drivers/system/clock/clock_samd21_r21_da_ha1/clock.o
 .text.system_clock_source_dfll_get_config_defaults
                0x00005d8a       0x52 src/ASF/sam0/drivers/system/clock/clock_samd21_r21_da_ha1/clock.o
 .text.system_cpu_clock_set_divider
                0x00005ddc       0x20 src/ASF/sam0/drivers/system/clock/clock_samd21_r21_da_ha1/clock.o
 .text.system_apb_clock_set_divider
                0x00005dfc       0x54 src/ASF/sam0/drivers/system/clock/clock_samd21_r21_da_ha1/clock.o
 .text.system_flash_set_waitstates
                0x00005e50       0x34 src/ASF/sam0/drivers/system/clock/clock_samd21_r21_da_ha1/clock.o
 .text._system_dfll_wait_for_sync
                0x00005e84       0x1c src/ASF/sam0/drivers/system/clock/clock_samd21_r21_da_ha1/clock.o
 .text._system_clock_source_dfll_set_config_errata_9905
                0x00005ea0       0x44 src/ASF/sam0/drivers/system/clock/clock_samd21_r21_da_ha1/clock.o
 .text.system_clock_source_get_hz
                0x00005ee4       0xc0 src/ASF/sam0/drivers/system/clock/clock_samd21_r21_da_ha1/clock.o
                0x00005ee4                system_clock_source_get_hz
 .text.system_clock_source_osc8m_set_config
                0x00005fa4       0x78 src/ASF/sam0/drivers/system/clock/clock_samd21_r21_da_ha1/clock.o
                0x00005fa4                system_clock_source_osc8m_set_config
 .text.system_clock_source_xosc32k_set_config
                0x0000601c      0x120 src/ASF/sam0/drivers/system/clock/clock_samd21_r21_da_ha1/clock.o
                0x0000601c                system_clock_source_xosc32k_set_config
 .text.system_clock_source_dfll_set_config
                0x0000613c       0xd0 src/ASF/sam0/drivers/system/clock/clock_samd21_r21_da_ha1/clock.o
                0x0000613c                system_clock_source_dfll_set_config
 .text.system_clock_source_enable
                0x0000620c       0xac src/ASF/sam0/drivers/system/clock/clock_samd21_r21_da_ha1/clock.o
                0x0000620c                system_clock_source_enable
 .text.system_clock_source_is_ready
                0x000062b8       0x84 src/ASF/sam0/drivers/system/clock/clock_samd21_r21_da_ha1/clock.o
                0x000062b8                system_clock_source_is_ready
 .text._switch_peripheral_gclk
                0x0000633c       0x38 src/ASF/sam0/drivers/system/clock/clock_samd21_r21_da_ha1/clock.o
 .text.system_clock_init
                0x00006374      0x270 src/ASF/sam0/drivers/system/clock/clock_samd21_r21_da_ha1/clock.o
                0x00006374                system_clock_init
 .text.system_apb_clock_set_mask
                0x000065e4       0x5c src/ASF/sam0/drivers/system/clock/clock_samd21_r21_da_ha1/gclk.o
 .text.system_interrupt_enter_critical_section
                0x00006640       0x14 src/ASF/sam0/drivers/system/clock/clock_samd21_r21_da_ha1/gclk.o
 .text.system_interrupt_leave_critical_section
                0x00006654       0x14 src/ASF/sam0/drivers/system/clock/clock_samd21_r21_da_ha1/gclk.o
 .text.system_gclk_is_syncing
                0x00006668       0x20 src/ASF/sam0/drivers/system/clock/clock_samd21_r21_da_ha1/gclk.o
 .text.system_gclk_init
                0x00006688       0x30 src/ASF/sam0/drivers/system/clock/clock_samd21_r21_da_ha1/gclk.o
                0x00006688                system_gclk_init
 .text.system_gclk_gen_set_config
                0x000066b8      0x124 src/ASF/sam0/drivers/system/clock/clock_samd21_r21_da_ha1/gclk.o
                0x000066b8                system_gclk_gen_set_config
 .text.system_gclk_gen_enable
                0x000067dc       0x5c src/ASF/sam0/drivers/system/clock/clock_samd21_r21_da_ha1/gclk.o
                0x000067dc                system_gclk_gen_enable
 .text.system_gclk_gen_get_hz
                0x00006838       0xd8 src/ASF/sam0/drivers/system/clock/clock_samd21_r21_da_ha1/gclk.o
                0x00006838                system_gclk_gen_get_hz
 .text.system_gclk_chan_set_config
                0x00006910       0x44 src/ASF/sam0/drivers/system/clock/clock_samd21_r21_da_ha1/gclk.o
                0x00006910                system_gclk_chan_set_config
 .text.system_gclk_chan_enable
                0x00006954       0x48 src/ASF/sam0/drivers/system/clock/clock_samd21_r21_da_ha1/gclk.o
                0x00006954                system_gclk_chan_enable
 .text.system_gclk_chan_disable
                0x0000699c       0x98 src/ASF/sam0/drivers/system/clock/clock_samd21_r21_da_ha1/gclk.o
                0x0000699c                system_gclk_chan_disable
 .text.system_gclk_chan_get_hz
                0x00006a34       0x58 src/ASF/sam0/drivers/system/clock/clock_samd21_r21_da_ha1/gclk.o
                0x00006a34                system_gclk_chan_get_hz
 .text.system_pinmux_get_group_from_gpio_pin
                0x00006a8c       0x60 src/ASF/sam0/drivers/system/pinmux/pinmux.o
 .text._system_pinmux_config
                0x00006aec      0x110 src/ASF/sam0/drivers/system/pinmux/pinmux.o
 .text.system_pinmux_pin_set_config
                0x00006bfc       0x48 src/ASF/sam0/drivers/system/pinmux/pinmux.o
                0x00006bfc                system_pinmux_pin_set_config
 .text._system_dummy_init
                0x00006c44        0xa src/ASF/sam0/drivers/system/system.o
                0x00006c44                _system_extint_init
                0x00006c44                _system_events_init
                0x00006c44                _system_dummy_init
                0x00006c44                _system_divas_init
 *fill*         0x00006c4e        0x2 
 .text.system_init
                0x00006c50       0x34 src/ASF/sam0/drivers/system/system.o
                0x00006c50                system_init
 .text.Reset_Handler
                0x00006c84       0xf8 src/ASF/sam0/utils/cmsis/samd21/source/gcc/startup_samd21.o
                0x00006c84                Reset_Handler
 .text.Dummy_Handler
                0x00006d7c        0x6 src/ASF/sam0/utils/cmsis/samd21/source/gcc/startup_samd21.o
                0x00006d7c                DMAC_Handler
                0x00006d7c                HardFault_Handler
                0x00006d7c                AC_Handler
                0x00006d7c                PendSV_Handler
                0x00006d7c                NMI_Handler
                0x00006d7c                ADC_Handler
                0x00006d7c                TCC1_Handler
                0x00006d7c                TCC0_Handler
                0x00006d7c                RTC_Handler
                0x00006d7c                EIC_Handler
                0x00006d7c                WDT_Handler
                0x00006d7c                TC4_Handler
                0x00006d7c                USB_Handler
                0x00006d7c                TC3_Handler
                0x00006d7c                Dummy_Handler
                0x00006d7c                PM_Handler
                0x00006d7c                SVC_Handler
                0x00006d7c                TCC2_Handler
                0x00006d7c                EVSYS_Handler
                0x00006d7c                I2S_Handler
                0x00006d7c                NVMCTRL_Handler
                0x00006d7c                DAC_Handler
                0x00006d7c                PTC_Handler
                0x00006d7c                TC5_Handler
                0x00006d7c                SYSCTRL_Handler
 *fill*         0x00006d82        0x2 
 .text._read    0x00006d84       0x54 src/ASF/sam0/utils/stdio/read.o
                0x00006d84                _read
 .text._write   0x00006dd8       0x6c src/ASF/sam0/utils/stdio/write.o
                0x00006dd8                _write
 .text._sbrk    0x00006e44       0x3c src/ASF/sam0/utils/syscalls/gcc/syscalls.o
                0x00006e44                _sbrk
 .text._close   0x00006e80       0x14 src/ASF/sam0/utils/syscalls/gcc/syscalls.o
                0x00006e80                _close
 .text._fstat   0x00006e94       0x1c src/ASF/sam0/utils/syscalls/gcc/syscalls.o
                0x00006e94                _fstat
 .text._lseek   0x00006eb0       0x16 src/ASF/sam0/utils/syscalls/gcc/syscalls.o
                0x00006eb0                _lseek
 .text.rtc_calendar_get_time_defaults
                0x00006ec6       0x3c src/ASF/thirdparty/fatfs/fatfs-port-r0.09/diskio.o
 *fill*         0x00006f02        0x2 
 .text.rtc_calendar_get_config_defaults
                0x00006f04       0xa4 src/ASF/thirdparty/fatfs/fatfs-port-r0.09/diskio.o
 .text.configure_rtc_calendar
                0x00006fa8       0x94 src/ASF/thirdparty/fatfs/fatfs-port-r0.09/diskio.o
 .text.disk_initialize
                0x0000703c       0x84 src/ASF/thirdparty/fatfs/fatfs-port-r0.09/diskio.o
                0x0000703c                disk_initialize
 .text.disk_status
                0x000070c0       0x38 src/ASF/thirdparty/fatfs/fatfs-port-r0.09/diskio.o
                0x000070c0                disk_status
 .text.disk_read
                0x000070f8       0xd8 src/ASF/thirdparty/fatfs/fatfs-port-r0.09/diskio.o
                0x000070f8                disk_read
 .text.disk_write
                0x000071d0       0xd8 src/ASF/thirdparty/fatfs/fatfs-port-r0.09/diskio.o
                0x000071d0                disk_write
 .text.disk_ioctl
                0x000072a8       0xf8 src/ASF/thirdparty/fatfs/fatfs-port-r0.09/diskio.o
                0x000072a8                disk_ioctl
 .text.get_fattime
                0x000073a0       0x60 src/ASF/thirdparty/fatfs/fatfs-port-r0.09/sam0/fattime_rtc.o
                0x000073a0                get_fattime
 .text.mem_cpy  0x00007400       0x38 src/ASF/thirdparty/fatfs/fatfs-r0.09/src/ff.o
 .text.mem_set  0x00007438       0x30 src/ASF/thirdparty/fatfs/fatfs-r0.09/src/ff.o
 .text.mem_cmp  0x00007468       0x4a src/ASF/thirdparty/fatfs/fatfs-r0.09/src/ff.o
 .text.chk_chr  0x000074b2       0x32 src/ASF/thirdparty/fatfs/fatfs-r0.09/src/ff.o
 .text.move_window
                0x000074e4       0xc8 src/ASF/thirdparty/fatfs/fatfs-r0.09/src/ff.o
 .text.sync     0x000075ac      0x198 src/ASF/thirdparty/fatfs/fatfs-r0.09/src/ff.o
 .text.clust2sect
                0x00007744       0x38 src/ASF/thirdparty/fatfs/fatfs-r0.09/src/ff.o
 .text.get_fat  0x0000777c      0x16c src/ASF/thirdparty/fatfs/fatfs-r0.09/src/ff.o
 .text.put_fat  0x000078e8      0x23c src/ASF/thirdparty/fatfs/fatfs-r0.09/src/ff.o
 .text.remove_chain
                0x00007b24       0xc8 src/ASF/thirdparty/fatfs/fatfs-r0.09/src/ff.o
 .text.create_chain
                0x00007bec      0x13c src/ASF/thirdparty/fatfs/fatfs-r0.09/src/ff.o
 .text.dir_sdi  0x00007d28      0x130 src/ASF/thirdparty/fatfs/fatfs-r0.09/src/ff.o
 .text.dir_next
                0x00007e58      0x1f0 src/ASF/thirdparty/fatfs/fatfs-r0.09/src/ff.o
 .text.cmp_lfn  0x00008048      0x104 src/ASF/thirdparty/fatfs/fatfs-r0.09/src/ff.o
 .text.pick_lfn
                0x0000814c       0xe4 src/ASF/thirdparty/fatfs/fatfs-r0.09/src/ff.o
 .text.fit_lfn  0x00008230      0x110 src/ASF/thirdparty/fatfs/fatfs-r0.09/src/ff.o
 .text.gen_numname
                0x00008340      0x100 src/ASF/thirdparty/fatfs/fatfs-r0.09/src/ff.o
 .text.sum_sfn  0x00008440       0x4e src/ASF/thirdparty/fatfs/fatfs-r0.09/src/ff.o
 *fill*         0x0000848e        0x2 
 .text.dir_find
                0x00008490      0x1fc src/ASF/thirdparty/fatfs/fatfs-r0.09/src/ff.o
 .text.dir_read
                0x0000868c      0x1c4 src/ASF/thirdparty/fatfs/fatfs-r0.09/src/ff.o
 .text.dir_register
                0x00008850      0x368 src/ASF/thirdparty/fatfs/fatfs-r0.09/src/ff.o
 .text.dir_remove
                0x00008bb8       0xd8 src/ASF/thirdparty/fatfs/fatfs-r0.09/src/ff.o
 .text.create_name
                0x00008c90      0x448 src/ASF/thirdparty/fatfs/fatfs-r0.09/src/ff.o
 .text.follow_path
                0x000090d8      0x138 src/ASF/thirdparty/fatfs/fatfs-r0.09/src/ff.o
 .text.check_fs
                0x00009210       0xd4 src/ASF/thirdparty/fatfs/fatfs-r0.09/src/ff.o
 .text.chk_mounted
                0x000092e4      0x5fc src/ASF/thirdparty/fatfs/fatfs-r0.09/src/ff.o
 .text.validate
                0x000098e0       0x54 src/ASF/thirdparty/fatfs/fatfs-r0.09/src/ff.o
 .text.f_mount  0x00009934       0x58 src/ASF/thirdparty/fatfs/fatfs-r0.09/src/ff.o
                0x00009934                f_mount
 .text.f_open   0x0000998c      0x530 src/ASF/thirdparty/fatfs/fatfs-r0.09/src/ff.o
                0x0000998c                f_open
 .text.f_read   0x00009ebc      0x29c src/ASF/thirdparty/fatfs/fatfs-r0.09/src/ff.o
                0x00009ebc                f_read
 .text.f_write  0x0000a158      0x350 src/ASF/thirdparty/fatfs/fatfs-r0.09/src/ff.o
                0x0000a158                f_write
 .text.f_sync   0x0000a4a8      0x180 src/ASF/thirdparty/fatfs/fatfs-r0.09/src/ff.o
                0x0000a4a8                f_sync
 .text.f_close  0x0000a628       0x3c src/ASF/thirdparty/fatfs/fatfs-r0.09/src/ff.o
                0x0000a628                f_close
 .text.f_lseek  0x0000a664      0x274 src/ASF/thirdparty/fatfs/fatfs-r0.09/src/ff.o
                0x0000a664                f_lseek
 .text.f_unlink
                0x0000a8d8      0x260 src/ASF/thirdparty/fatfs/fatfs-r0.09/src/ff.o
                0x0000a8d8                f_unlink
 .text.f_putc   0x0000ab38       0x48 src/ASF/thirdparty/fatfs/fatfs-r0.09/src/ff.o
                0x0000ab38                f_putc
 .text.f_puts   0x0000ab80       0x4c src/ASF/thirdparty/fatfs/fatfs-r0.09/src/ff.o
                0x0000ab80                f_puts
 .text.ff_convert
                0x0000abcc       0xac src/ASF/thirdparty/fatfs/fatfs-r0.09/src/option/ccsbcs.o
                0x0000abcc                ff_convert
 .text.ff_wtoupper
                0x0000ac78       0x60 src/ASF/thirdparty/fatfs/fatfs-r0.09/src/option/ccsbcs.o
                0x0000ac78                ff_wtoupper
 .text.NVIC_SystemReset
                0x0000acd8       0x1c src/BootMain.o
 .text.system_apb_clock_set_mask
                0x0000acf4       0x5c src/BootMain.o
 .text.nvm_get_config_defaults
                0x0000ad50       0x3c src/BootMain.o
 .text.system_pinmux_get_group_from_gpio_pin
                0x0000ad8c       0x60 src/BootMain.o
 .text.system_reset
                0x0000adec       0x14 src/BootMain.o
 .text.port_get_group_from_gpio_pin
                0x0000ae00       0x24 src/BootMain.o
 .text.port_get_config_defaults
                0x0000ae24       0x22 src/BootMain.o
 *fill*         0x0000ae46        0x2 
 .text.port_pin_get_input_level
                0x0000ae48       0x44 src/BootMain.o
 .text.system_interrupt_enable_global
                0x0000ae8c       0x1c src/BootMain.o
 .text.dsu_crc32_init
                0x0000aea8       0x18 src/BootMain.o
 .text.main     0x0000aec0      0x700 src/BootMain.o
                0x0000aec0                main
 .text.StartFilesystemAndTest
                0x0000b5c0      0x2a8 src/BootMain.o
 .text.jumpToApplication
                0x0000b868       0x38 src/BootMain.o
 .text.configure_nvm
                0x0000b8a0       0x2c src/BootMain.o
 .text          0x0000b8cc      0x114 c:/program files (x86)/atmel/studio/7.0/toolchain/arm/arm-gnu-toolchain/bin/../lib/gcc/arm-none-eabi/6.3.1/thumb/v6-m\libgcc.a(_udivsi3.o)
                0x0000b8cc                __aeabi_uidiv
                0x0000b8cc                __udivsi3
                0x0000b9d8                __aeabi_uidivmod
 .text          0x0000b9e0      0x1d4 c:/program files (x86)/atmel/studio/7.0/toolchain/arm/arm-gnu-toolchain/bin/../lib/gcc/arm-none-eabi/6.3.1/thumb/v6-m\libgcc.a(_divsi3.o)
                0x0000b9e0                __divsi3
                0x0000b9e0                __aeabi_idiv
                0x0000bbac                __aeabi_idivmod
 .text          0x0000bbb4        0x4 c:/program files (x86)/atmel/studio/7.0/toolchain/arm/arm-gnu-toolchain/bin/../lib/gcc/arm-none-eabi/6.3.1/thumb/v6-m\libgcc.a(_dvmd_tls.o)
                0x0000bbb4                __aeabi_idiv0
                0x0000bbb4                __aeabi_ldiv0
 .text          0x0000bbb8       0x54 c:/program files (x86)/atmel/studio/7.0/toolchain/arm/arm-gnu-toolchain/bin/../lib/gcc/arm-none-eabi/6.3.1/thumb/v6-m\libgcc.a(_muldi3.o)
                0x0000bbb8                __muldi3
                0x0000bbb8                __aeabi_lmul
 .text.__libc_init_array
                0x0000bc0c       0x48 c:/program files (x86)/atmel/studio/7.0/toolchain/arm/arm-gnu-toolchain/bin/../lib/gcc/arm-none-eabi/6.3.1/../../../../arm-none-eabi/lib/thumb/v6-m\libc_nano.a(lib_a-init.o)
                0x0000bc0c                __libc_init_array
 .text.malloc   0x0000bc54       0x14 c:/program files (x86)/atmel/studio/7.0/toolchain/arm/arm-gnu-toolchain/bin/../lib/gcc/arm-none-eabi/6.3.1/../../../../arm-none-eabi/lib/thumb/v6-m\libc_nano.a(lib_a-malloc.o)
                0x0000bc54                malloc
 .text.memcpy   0x0000bc68       0x12 c:/program files (x86)/atmel/studio/7.0/toolchain/arm/arm-gnu-toolchain/bin/../lib/gcc/arm-none-eabi/6.3.1/../../../../arm-none-eabi/lib/thumb/v6-m\libc_nano.a(lib_a-memcpy-stub.o)
                0x0000bc68                memcpy
 .text.memset   0x0000bc7a       0x10 c:/program files (x86)/atmel/studio/7.0/toolchain/arm/arm-gnu-toolchain/bin/../lib/gcc/arm-none-eabi/6.3.1/../../../../arm-none-eabi/lib/thumb/v6-m\libc_nano.a(lib_a-memset.o)
                0x0000bc7a                memset
 *fill*         0x0000bc8a        0x2 
 .text._free_r  0x0000bc8c       0x94 c:/program files (x86)/atmel/studio/7.0/toolchain/arm/arm-gnu-toolchain/bin/../lib/gcc/arm-none-eabi/6.3.1/../../../../arm-none-eabi/lib/thumb/v6-m\libc_nano.a(lib_a-nano-freer.o)
                0x0000bc8c                _free_r
 .text._malloc_r
                0x0000bd20       0xbc c:/program files (x86)/atmel/studio/7.0/toolchain/arm/arm-gnu-toolchain/bin/../lib/gcc/arm-none-eabi/6.3.1/../../../../arm-none-eabi/lib/thumb/v6-m\libc_nano.a(lib_a-nano-mallocr.o)
                0x0000bd20                _malloc_r
 .text._sbrk_r  0x0000bddc       0x24 c:/program files (x86)/atmel/studio/7.0/toolchain/arm/arm-gnu-toolchain/bin/../lib/gcc/arm-none-eabi/6.3.1/../../../../arm-none-eabi/lib/thumb/v6-m\libc_nano.a(lib_a-sbrkr.o)
                0x0000bddc                _sbrk_r
 .text.setbuf   0x0000be00       0x12 c:/program files (x86)/atmel/studio/7.0/toolchain/arm/arm-gnu-toolchain/bin/../lib/gcc/arm-none-eabi/6.3.1/../../../../arm-none-eabi/lib/thumb/v6-m\libc_nano.a(lib_a-setbuf.o)
                0x0000be00                setbuf
 *fill*         0x0000be12        0x2 
 .text.setvbuf  0x0000be14      0x158 c:/program files (x86)/atmel/studio/7.0/toolchain/arm/arm-gnu-toolchain/bin/../lib/gcc/arm-none-eabi/6.3.1/../../../../arm-none-eabi/lib/thumb/v6-m\libc_nano.a(lib_a-setvbuf.o)
                0x0000be14                setvbuf
 .text.snprintf
                0x0000bf6c       0x64 c:/program files (x86)/atmel/studio/7.0/toolchain/arm/arm-gnu-toolchain/bin/../lib/gcc/arm-none-eabi/6.3.1/../../../../arm-none-eabi/lib/thumb/v6-m\libc_nano.a(lib_a-snprintf.o)
                0x0000bf6c                sniprintf
                0x0000bf6c                snprintf
 .text          0x0000bfd0        0xe c:/program files (x86)/atmel/studio/7.0/toolchain/arm/arm-gnu-toolchain/bin/../lib/gcc/arm-none-eabi/6.3.1/../../../../arm-none-eabi/lib/thumb/v6-m\libc_nano.a(lib_a-strlen.o)
                0x0000bfd0                strlen
 *fill*         0x0000bfde        0x2 
 .text.__sflush_r
                0x0000bfe0      0x114 c:/program files (x86)/atmel/studio/7.0/toolchain/arm/arm-gnu-toolchain/bin/../lib/gcc/arm-none-eabi/6.3.1/../../../../arm-none-eabi/lib/thumb/v6-m\libc_nano.a(lib_a-fflush.o)
                0x0000bfe0                __sflush_r
 .text._fflush_r
                0x0000c0f4       0x58 c:/program files (x86)/atmel/studio/7.0/toolchain/arm/arm-gnu-toolchain/bin/../lib/gcc/arm-none-eabi/6.3.1/../../../../arm-none-eabi/lib/thumb/v6-m\libc_nano.a(lib_a-fflush.o)
                0x0000c0f4                _fflush_r
 .text._cleanup_r
                0x0000c14c       0x10 c:/program files (x86)/atmel/studio/7.0/toolchain/arm/arm-gnu-toolchain/bin/../lib/gcc/arm-none-eabi/6.3.1/../../../../arm-none-eabi/lib/thumb/v6-m\libc_nano.a(lib_a-findfp.o)
                0x0000c14c                _cleanup_r
 .text.std.isra.0
                0x0000c15c       0x48 c:/program files (x86)/atmel/studio/7.0/toolchain/arm/arm-gnu-toolchain/bin/../lib/gcc/arm-none-eabi/6.3.1/../../../../arm-none-eabi/lib/thumb/v6-m\libc_nano.a(lib_a-findfp.o)
 .text.__sfmoreglue
                0x0000c1a4       0x2c c:/program files (x86)/atmel/studio/7.0/toolchain/arm/arm-gnu-toolchain/bin/../lib/gcc/arm-none-eabi/6.3.1/../../../../arm-none-eabi/lib/thumb/v6-m\libc_nano.a(lib_a-findfp.o)
                0x0000c1a4                __sfmoreglue
 .text.__sinit  0x0000c1d0       0x68 c:/program files (x86)/atmel/studio/7.0/toolchain/arm/arm-gnu-toolchain/bin/../lib/gcc/arm-none-eabi/6.3.1/../../../../arm-none-eabi/lib/thumb/v6-m\libc_nano.a(lib_a-findfp.o)
                0x0000c1d0                __sinit
 .text.__sfp    0x0000c238       0x80 c:/program files (x86)/atmel/studio/7.0/toolchain/arm/arm-gnu-toolchain/bin/../lib/gcc/arm-none-eabi/6.3.1/../../../../arm-none-eabi/lib/thumb/v6-m\libc_nano.a(lib_a-findfp.o)
                0x0000c238                __sfp
 .text._fwalk_reent
                0x0000c2b8       0x42 c:/program files (x86)/atmel/studio/7.0/toolchain/arm/arm-gnu-toolchain/bin/../lib/gcc/arm-none-eabi/6.3.1/../../../../arm-none-eabi/lib/thumb/v6-m\libc_nano.a(lib_a-fwalk.o)
                0x0000c2b8                _fwalk_reent
 *fill*         0x0000c2fa        0x2 
 .text.__swhatbuf_r
                0x0000c2fc       0x50 c:/program files (x86)/atmel/studio/7.0/toolchain/arm/arm-gnu-toolchain/bin/../lib/gcc/arm-none-eabi/6.3.1/../../../../arm-none-eabi/lib/thumb/v6-m\libc_nano.a(lib_a-makebuf.o)
                0x0000c2fc                __swhatbuf_r
 .text.__malloc_lock
                0x0000c34c        0x2 c:/program files (x86)/atmel/studio/7.0/toolchain/arm/arm-gnu-toolchain/bin/../lib/gcc/arm-none-eabi/6.3.1/../../../../arm-none-eabi/lib/thumb/v6-m\libc_nano.a(lib_a-mlock.o)
                0x0000c34c                __malloc_lock
 .text.__malloc_unlock
                0x0000c34e        0x2 c:/program files (x86)/atmel/studio/7.0/toolchain/arm/arm-gnu-toolchain/bin/../lib/gcc/arm-none-eabi/6.3.1/../../../../arm-none-eabi/lib/thumb/v6-m\libc_nano.a(lib_a-mlock.o)
                0x0000c34e                __malloc_unlock
 .text.__ssputs_r
                0x0000c350       0xc4 c:/program files (x86)/atmel/studio/7.0/toolchain/arm/arm-gnu-toolchain/bin/../lib/gcc/arm-none-eabi/6.3.1/../../../../arm-none-eabi/lib/thumb/v6-m\libc_nano.a(lib_a-nano-svfprintf.o)
                0x0000c350                __ssputs_r
 .text._svfprintf_r
                0x0000c414      0x208 c:/program files (x86)/atmel/studio/7.0/toolchain/arm/arm-gnu-toolchain/bin/../lib/gcc/arm-none-eabi/6.3.1/../../../../arm-none-eabi/lib/thumb/v6-m\libc_nano.a(lib_a-nano-svfprintf.o)
                0x0000c414                _svfiprintf_r
                0x0000c414                _svfprintf_r
 .text._printf_common
                0x0000c61c       0xda c:/program files (x86)/atmel/studio/7.0/toolchain/arm/arm-gnu-toolchain/bin/../lib/gcc/arm-none-eabi/6.3.1/../../../../arm-none-eabi/lib/thumb/v6-m\libc_nano.a(lib_a-nano-vfprintf_i.o)
                0x0000c61c                _printf_common
 *fill*         0x0000c6f6        0x2 
 .text._printf_i
                0x0000c6f8      0x234 c:/program files (x86)/atmel/studio/7.0/toolchain/arm/arm-gnu-toolchain/bin/../lib/gcc/arm-none-eabi/6.3.1/../../../../arm-none-eabi/lib/thumb/v6-m\libc_nano.a(lib_a-nano-vfprintf_i.o)
                0x0000c6f8                _printf_i
 .text.__sread  0x0000c92c       0x28 c:/program files (x86)/atmel/studio/7.0/toolchain/arm/arm-gnu-toolchain/bin/../lib/gcc/arm-none-eabi/6.3.1/../../../../arm-none-eabi/lib/thumb/v6-m\libc_nano.a(lib_a-stdio.o)
                0x0000c92c                __sread
 .text.__swrite
                0x0000c954       0x38 c:/program files (x86)/atmel/studio/7.0/toolchain/arm/arm-gnu-toolchain/bin/../lib/gcc/arm-none-eabi/6.3.1/../../../../arm-none-eabi/lib/thumb/v6-m\libc_nano.a(lib_a-stdio.o)
                0x0000c954                __swrite
 .text.__sseek  0x0000c98c       0x2c c:/program files (x86)/atmel/studio/7.0/toolchain/arm/arm-gnu-toolchain/bin/../lib/gcc/arm-none-eabi/6.3.1/../../../../arm-none-eabi/lib/thumb/v6-m\libc_nano.a(lib_a-stdio.o)
                0x0000c98c                __sseek
 .text.__sclose
                0x0000c9b8        0xc c:/program files (x86)/atmel/studio/7.0/toolchain/arm/arm-gnu-toolchain/bin/../lib/gcc/arm-none-eabi/6.3.1/../../../../arm-none-eabi/lib/thumb/v6-m\libc_nano.a(lib_a-stdio.o)
                0x0000c9b8                __sclose
 .text._write_r
                0x0000c9c4       0x28 c:/program files (x86)/atmel/studio/7.0/toolchain/arm/arm-gnu-toolchain/bin/../lib/gcc/arm-none-eabi/6.3.1/../../../../arm-none-eabi/lib/thumb/v6-m\libc_nano.a(lib_a-writer.o)
                0x0000c9c4                _write_r
 .text._close_r
                0x0000c9ec       0x24 c:/program files (x86)/atmel/studio/7.0/toolchain/arm/arm-gnu-toolchain/bin/../lib/gcc/arm-none-eabi/6.3.1/../../../../arm-none-eabi/lib/thumb/v6-m\libc_nano.a(lib_a-closer.o)
                0x0000c9ec                _close_r
 .text._fstat_r
                0x0000ca10       0x24 c:/program files (x86)/atmel/studio/7.0/toolchain/arm/arm-gnu-toolchain/bin/../lib/gcc/arm-none-eabi/6.3.1/../../../../arm-none-eabi/lib/thumb/v6-m\libc_nano.a(lib_a-fstatr.o)
                0x0000ca10                _fstat_r
 .text._lseek_r
                0x0000ca34       0x28 c:/program files (x86)/atmel/studio/7.0/toolchain/arm/arm-gnu-toolchain/bin/../lib/gcc/arm-none-eabi/6.3.1/../../../../arm-none-eabi/lib/thumb/v6-m\libc_nano.a(lib_a-lseekr.o)
                0x0000ca34                _lseek_r
 .text.memchr   0x0000ca5c       0x16 c:/program files (x86)/atmel/studio/7.0/toolchain/arm/arm-gnu-toolchain/bin/../lib/gcc/arm-none-eabi/6.3.1/../../../../arm-none-eabi/lib/thumb/v6-m\libc_nano.a(lib_a-memchr-stub.o)
                0x0000ca5c                memchr
 .text.memmove  0x0000ca72       0x24 c:/program files (x86)/atmel/studio/7.0/toolchain/arm/arm-gnu-toolchain/bin/../lib/gcc/arm-none-eabi/6.3.1/../../../../arm-none-eabi/lib/thumb/v6-m\libc_nano.a(lib_a-memmove.o)
                0x0000ca72                memmove
 .text._realloc_r
                0x0000ca96       0x4c c:/program files (x86)/atmel/studio/7.0/toolchain/arm/arm-gnu-toolchain/bin/../lib/gcc/arm-none-eabi/6.3.1/../../../../arm-none-eabi/lib/thumb/v6-m\libc_nano.a(lib_a-nano-reallocr.o)
                0x0000ca96                _realloc_r
 *fill*         0x0000cae2        0x2 
 .text._read_r  0x0000cae4       0x28 c:/program files (x86)/atmel/studio/7.0/toolchain/arm/arm-gnu-toolchain/bin/../lib/gcc/arm-none-eabi/6.3.1/../../../../arm-none-eabi/lib/thumb/v6-m\libc_nano.a(lib_a-readr.o)
                0x0000cae4                _read_r
 .text._malloc_usable_size_r
                0x0000cb0c       0x10 c:/program files (x86)/atmel/studio/7.0/toolchain/arm/arm-gnu-toolchain/bin/../lib/gcc/arm-none-eabi/6.3.1/../../../../arm-none-eabi/lib/thumb/v6-m\libc_nano.a(lib_a-nano-msizer.o)
                0x0000cb0c                _malloc_usable_size_r
 *(.glue_7t)
 .glue_7t       0x0000cb1c        0x0 linker stubs
 *(.glue_7)
 .glue_7        0x0000cb1c        0x0 linker stubs
 *(.rodata .rodata* .gnu.linkonce.r.*)
 .rodata.nvm_execute_command
                0x0000cb1c      0x118 src/ASF/sam0/drivers/nvm/nvm.o
 .rodata.sd_mmc_trans_units
                0x0000cc34       0x1c src/ASF/common2/components/memory/sd_mmc/sd_mmc.o
                0x0000cc34                sd_mmc_trans_units
 .rodata.sd_trans_multipliers
                0x0000cc50       0x40 src/ASF/common2/components/memory/sd_mmc/sd_mmc.o
                0x0000cc50                sd_trans_multipliers
 .rodata.mmc_trans_multipliers
                0x0000cc90       0x40 src/ASF/common2/components/memory/sd_mmc/sd_mmc.o
                0x0000cc90                mmc_trans_multipliers
 .rodata        0x0000ccd0       0x15 src/ASF/common/services/storage/ctrl_access/ctrl_access.o
 *fill*         0x0000cce5        0x3 
 .rodata.lun_desc
                0x0000cce8       0x20 src/ASF/common/services/storage/ctrl_access/ctrl_access.o
 .rodata        0x0000cd08       0x18 src/ASF/sam0/drivers/sercom/sercom.o
 .rodata        0x0000cd20        0x6 src/ASF/sam0/drivers/sercom/sercom_interrupt.o
 *fill*         0x0000cd26        0x2 
 .rodata.system_clock_source_get_hz
                0x0000cd28       0x24 src/ASF/sam0/drivers/system/clock/clock_samd21_r21_da_ha1/clock.o
 .rodata.system_clock_source_enable
                0x0000cd4c       0x24 src/ASF/sam0/drivers/system/clock/clock_samd21_r21_da_ha1/clock.o
 .rodata.system_clock_source_is_ready
                0x0000cd70       0x24 src/ASF/sam0/drivers/system/clock/clock_samd21_r21_da_ha1/clock.o
 .rodata.LfnOfs
                0x0000cd94        0xd src/ASF/thirdparty/fatfs/fatfs-r0.09/src/ff.o
 *fill*         0x0000cda1        0x3 
 .rodata        0x0000cda4       0x48 src/ASF/thirdparty/fatfs/fatfs-r0.09/src/ff.o
 .rodata.excvt.4558
                0x0000cdec       0x80 src/ASF/thirdparty/fatfs/fatfs-r0.09/src/ff.o
 .rodata.Tbl    0x0000ce6c      0x100 src/ASF/thirdparty/fatfs/fatfs-r0.09/src/option/ccsbcs.o
 .rodata.tbl_lower.4308
                0x0000cf6c      0x1e0 src/ASF/thirdparty/fatfs/fatfs-r0.09/src/option/ccsbcs.o
 .rodata.tbl_upper.4309
                0x0000d14c      0x1e0 src/ASF/thirdparty/fatfs/fatfs-r0.09/src/option/ccsbcs.o
 .rodata        0x0000d32c      0x2cc src/BootMain.o
 .rodata._global_impure_ptr
                0x0000d5f8        0x4 c:/program files (x86)/atmel/studio/7.0/toolchain/arm/arm-gnu-toolchain/bin/../lib/gcc/arm-none-eabi/6.3.1/../../../../arm-none-eabi/lib/thumb/v6-m\libc_nano.a(lib_a-impure.o)
                0x0000d5f8                _global_impure_ptr
 .rodata.__sf_fake_stderr
                0x0000d5fc       0x20 c:/program files (x86)/atmel/studio/7.0/toolchain/arm/arm-gnu-toolchain/bin/../lib/gcc/arm-none-eabi/6.3.1/../../../../arm-none-eabi/lib/thumb/v6-m\libc_nano.a(lib_a-findfp.o)
                0x0000d5fc                __sf_fake_stderr
 .rodata.__sf_fake_stdin
                0x0000d61c       0x20 c:/program files (x86)/atmel/studio/7.0/toolchain/arm/arm-gnu-toolchain/bin/../lib/gcc/arm-none-eabi/6.3.1/../../../../arm-none-eabi/lib/thumb/v6-m\libc_nano.a(lib_a-findfp.o)
                0x0000d61c                __sf_fake_stdin
 .rodata.__sf_fake_stdout
                0x0000d63c       0x20 c:/program files (x86)/atmel/studio/7.0/toolchain/arm/arm-gnu-toolchain/bin/../lib/gcc/arm-none-eabi/6.3.1/../../../../arm-none-eabi/lib/thumb/v6-m\libc_nano.a(lib_a-findfp.o)
                0x0000d63c                __sf_fake_stdout
 .rodata._svfprintf_r.str1.1
                0x0000d65c       0x11 c:/program files (x86)/atmel/studio/7.0/toolchain/arm/arm-gnu-toolchain/bin/../lib/gcc/arm-none-eabi/6.3.1/../../../../arm-none-eabi/lib/thumb/v6-m\libc_nano.a(lib_a-nano-svfprintf.o)
 .rodata._printf_i.str1.1
                0x0000d66d       0x22 c:/program files (x86)/atmel/studio/7.0/toolchain/arm/arm-gnu-toolchain/bin/../lib/gcc/arm-none-eabi/6.3.1/../../../../arm-none-eabi/lib/thumb/v6-m\libc_nano.a(lib_a-nano-vfprintf_i.o)
 *(.ARM.extab* .gnu.linkonce.armextab.*)
                0x0000d690                . = ALIGN (0x4)
 *fill*         0x0000d68f        0x1 
 *(.init)
 .init          0x0000d690        0x4 c:/program files (x86)/atmel/studio/7.0/toolchain/arm/arm-gnu-toolchain/bin/../lib/gcc/arm-none-eabi/6.3.1/thumb/v6-m/crti.o
                0x0000d690                _init
 .init          0x0000d694        0x8 c:/program files (x86)/atmel/studio/7.0/toolchain/arm/arm-gnu-toolchain/bin/../lib/gcc/arm-none-eabi/6.3.1/thumb/v6-m/crtn.o
                0x0000d69c                . = ALIGN (0x4)
                0x0000d69c                __preinit_array_start = .
 *(.preinit_array)
                0x0000d69c                __preinit_array_end = .
                0x0000d69c                . = ALIGN (0x4)
                0x0000d69c                __init_array_start = .
 *(SORT(.init_array.*))
 *(.init_array)
 .init_array    0x0000d69c        0x4 c:/program files (x86)/atmel/studio/7.0/toolchain/arm/arm-gnu-toolchain/bin/../lib/gcc/arm-none-eabi/6.3.1/thumb/v6-m/crtbegin.o
                0x0000d6a0                __init_array_end = .
                0x0000d6a0                . = ALIGN (0x4)
 *crtbegin.o(.ctors)
 *(EXCLUDE_FILE(*crtend.o) .ctors)
 *(SORT(.ctors.*))
 *crtend.o(.ctors)
                0x0000d6a0                . = ALIGN (0x4)
 *(.fini)
 .fini          0x0000d6a0        0x4 c:/program files (x86)/atmel/studio/7.0/toolchain/arm/arm-gnu-toolchain/bin/../lib/gcc/arm-none-eabi/6.3.1/thumb/v6-m/crti.o
                0x0000d6a0                _fini
 .fini          0x0000d6a4        0x8 c:/program files (x86)/atmel/studio/7.0/toolchain/arm/arm-gnu-toolchain/bin/../lib/gcc/arm-none-eabi/6.3.1/thumb/v6-m/crtn.o
                0x0000d6ac                . = ALIGN (0x4)
                0x0000d6ac                __fini_array_start = .
 *(.fini_array)
 .fini_array    0x0000d6ac        0x4 c:/program files (x86)/atmel/studio/7.0/toolchain/arm/arm-gnu-toolchain/bin/../lib/gcc/arm-none-eabi/6.3.1/thumb/v6-m/crtbegin.o
 *(SORT(.fini_array.*))
                0x0000d6b0                __fini_array_end = .
 *crtbegin.o(.dtors)
 *(EXCLUDE_FILE(*crtend.o) .dtors)
 *(SORT(.dtors.*))
 *crtend.o(.dtors)
                0x0000d6b0                . = ALIGN (0x4)
                0x0000d6b0                _efixed = .
                [!provide]                PROVIDE (__exidx_start, .)

.vfp11_veneer   0x0000d6b0        0x0
 .vfp11_veneer  0x0000d6b0        0x0 linker stubs

.v4_bx          0x0000d6b0        0x0
 .v4_bx         0x0000d6b0        0x0 linker stubs

.iplt           0x0000d6b0        0x0
 .iplt          0x0000d6b0        0x0 c:/program files (x86)/atmel/studio/7.0/toolchain/arm/arm-gnu-toolchain/bin/../lib/gcc/arm-none-eabi/6.3.1/thumb/v6-m/crtbegin.o

.eh_frame       0x0000d6b0        0x0
 .eh_frame      0x0000d6b0        0x0 c:/program files (x86)/atmel/studio/7.0/toolchain/arm/arm-gnu-toolchain/bin/../lib/gcc/arm-none-eabi/6.3.1/thumb/v6-m/crtbegin.o

.rel.dyn        0x0000d6b0        0x0
 .rel.iplt      0x0000d6b0        0x0 c:/program files (x86)/atmel/studio/7.0/toolchain/arm/arm-gnu-toolchain/bin/../lib/gcc/arm-none-eabi/6.3.1/thumb/v6-m/crtbegin.o

.jcr            0x0000d6b0        0x0
 .jcr           0x0000d6b0        0x0 c:/program files (x86)/atmel/studio/7.0/toolchain/arm/arm-gnu-toolchain/bin/../lib/gcc/arm-none-eabi/6.3.1/thumb/v6-m/crtbegin.o

.igot.plt       0x0000d6b0        0x0
 .igot.plt      0x0000d6b0        0x0 c:/program files (x86)/atmel/studio/7.0/toolchain/arm/arm-gnu-toolchain/bin/../lib/gcc/arm-none-eabi/6.3.1/thumb/v6-m/crtbegin.o

.ARM.exidx
 *(.ARM.exidx* .gnu.linkonce.armexidx.*)
                [!provide]                PROVIDE (__exidx_end, .)
                0x0000d6b0                . = ALIGN (0x4)
                0x0000d6b0                _etext = .

.relocate       0x20000000       0xd0 load address 0x0000d6b0
                0x20000000                . = ALIGN (0x4)
                0x20000000                _srelocate = .
 *(.ramfunc .ramfunc.*)
 *(.data .data.*)
 .data.cycles_per_ms
                0x20000000        0x4 src/ASF/common2/services/delay/sam0/systick_counter.o
 .data.cycles_per_us
                0x20000004        0x4 src/ASF/common2/services/delay/sam0/systick_counter.o
 .data.ss_pins  0x20000008        0x1 src/ASF/common2/components/memory/sd_mmc/sd_mmc_spi.o
                0x20000008                ss_pins
 .data.g_interrupt_enabled
                0x20000009        0x1 src/ASF/common/utils/interrupt/interrupt_sam_nvic.o
                0x20000009                g_interrupt_enabled
 *fill*         0x2000000a        0x2 
 .data.test_file_name
                0x2000000c       0x12 src/BootMain.o
                0x2000000c                test_file_name
 *fill*         0x2000001e        0x2 
 .data.test_bin_file
                0x20000020       0x10 src/BootMain.o
                0x20000020                test_bin_file
 .data.Test_file_name_A
                0x20000030        0xc src/BootMain.o
                0x20000030                Test_file_name_A
 .data.Test_file_name_B
                0x2000003c        0xc src/BootMain.o
                0x2000003c                Test_file_name_B
 .data.Test_bin_file_A
                0x20000048       0x15 src/BootMain.o
                0x20000048                Test_bin_file_A
 *fill*         0x2000005d        0x3 
 .data.Test_bin_file_B
                0x20000060        0xc src/BootMain.o
                0x20000060                Test_bin_file_B
 .data._impure_ptr
                0x2000006c        0x4 c:/program files (x86)/atmel/studio/7.0/toolchain/arm/arm-gnu-toolchain/bin/../lib/gcc/arm-none-eabi/6.3.1/../../../../arm-none-eabi/lib/thumb/v6-m\libc_nano.a(lib_a-impure.o)
                0x2000006c                _impure_ptr
 .data.impure_data
                0x20000070       0x60 c:/program files (x86)/atmel/studio/7.0/toolchain/arm/arm-gnu-toolchain/bin/../lib/gcc/arm-none-eabi/6.3.1/../../../../arm-none-eabi/lib/thumb/v6-m\libc_nano.a(lib_a-impure.o)
                0x200000d0                . = ALIGN (0x4)
                0x200000d0                _erelocate = .

.bss            0x200000d0      0xc10 load address 0x0000d780
                0x200000d0                . = ALIGN (0x4)
                0x200000d0                _sbss = .
                0x200000d0                _szero = .
 *(.bss .bss.*)
 .bss           0x200000d0       0x1c c:/program files (x86)/atmel/studio/7.0/toolchain/arm/arm-gnu-toolchain/bin/../lib/gcc/arm-none-eabi/6.3.1/thumb/v6-m/crtbegin.o
 .bss.ul_tickcount
                0x200000ec        0x4 src/Systick/Systick.o
 .bss._nvm_dev  0x200000f0        0x6 src/ASF/sam0/drivers/nvm/nvm.o
 *fill*         0x200000f6        0x2 
 .bss.sd_mmc_cards
                0x200000f8       0x20 src/ASF/common2/components/memory/sd_mmc/sd_mmc.o
 .bss.sd_mmc_slot_sel
                0x20000118        0x1 src/ASF/common2/components/memory/sd_mmc/sd_mmc.o
 *fill*         0x20000119        0x3 
 .bss.sd_mmc_card
                0x2000011c        0x4 src/ASF/common2/components/memory/sd_mmc/sd_mmc.o
 .bss.sd_mmc_nb_block_to_tranfer
                0x20000120        0x2 src/ASF/common2/components/memory/sd_mmc/sd_mmc.o
 .bss.sd_mmc_nb_block_remaining
                0x20000122        0x2 src/ASF/common2/components/memory/sd_mmc/sd_mmc.o
 .bss.sd_mmc_ejected
                0x20000124        0x2 src/ASF/common2/components/memory/sd_mmc/sd_mmc_mem.o
 *fill*         0x20000126        0x2 
 .bss.sd_mmc_master
                0x20000128       0x3c src/ASF/common2/components/memory/sd_mmc/sd_mmc_spi.o
 .bss.sd_mmc_spi_devices
                0x20000164        0x3 src/ASF/common2/components/memory/sd_mmc/sd_mmc_spi.o
 *fill*         0x20000167        0x1 
 .bss.slave_configs
                0x20000168        0x3 src/ASF/common2/components/memory/sd_mmc/sd_mmc_spi.o
 .bss.sd_mmc_spi_err
                0x2000016b        0x1 src/ASF/common2/components/memory/sd_mmc/sd_mmc_spi.o
 .bss.sd_mmc_spi_response_32
                0x2000016c        0x4 src/ASF/common2/components/memory/sd_mmc/sd_mmc_spi.o
 .bss.sd_mmc_spi_transfert_pos
                0x20000170        0x4 src/ASF/common2/components/memory/sd_mmc/sd_mmc_spi.o
 .bss.sd_mmc_spi_block_size
                0x20000174        0x2 src/ASF/common2/components/memory/sd_mmc/sd_mmc_spi.o
 .bss.sd_mmc_spi_nb_block
                0x20000176        0x2 src/ASF/common2/components/memory/sd_mmc/sd_mmc_spi.o
 .bss.cpu_irq_critical_section_counter
                0x20000178        0x4 src/ASF/common/utils/interrupt/interrupt_sam_nvic.o
 .bss.cpu_irq_prev_interrupt_state
                0x2000017c        0x1 src/ASF/common/utils/interrupt/interrupt_sam_nvic.o
 *fill*         0x2000017d        0x3 
 .bss._sercom_config
                0x20000180        0x2 src/ASF/sam0/drivers/sercom/sercom.o
 .bss._handler_table_initialized
                0x20000182        0x1 src/ASF/sam0/drivers/sercom/sercom_interrupt.o
 *fill*         0x20000183        0x1 
 .bss._sercom_interrupt_handlers
                0x20000184       0x18 src/ASF/sam0/drivers/sercom/sercom_interrupt.o
 .bss._system_clock_inst
                0x2000019c       0x18 src/ASF/sam0/drivers/system/clock/clock_samd21_r21_da_ha1/clock.o
 .bss.heap.5296
                0x200001b4        0x4 src/ASF/sam0/utils/syscalls/gcc/syscalls.o
 .bss.FatFs     0x200001b8        0x4 src/ASF/thirdparty/fatfs/fatfs-r0.09/src/ff.o
 .bss.Fsid      0x200001bc        0x2 src/ASF/thirdparty/fatfs/fatfs-r0.09/src/ff.o
 *fill*         0x200001be        0x2 
 .bss.__malloc_free_list
                0x200001c0        0x4 c:/program files (x86)/atmel/studio/7.0/toolchain/arm/arm-gnu-toolchain/bin/../lib/gcc/arm-none-eabi/6.3.1/../../../../arm-none-eabi/lib/thumb/v6-m\libc_nano.a(lib_a-nano-mallocr.o)
                0x200001c0                __malloc_free_list
 .bss.__malloc_sbrk_start
                0x200001c4        0x4 c:/program files (x86)/atmel/studio/7.0/toolchain/arm/arm-gnu-toolchain/bin/../lib/gcc/arm-none-eabi/6.3.1/../../../../arm-none-eabi/lib/thumb/v6-m\libc_nano.a(lib_a-nano-mallocr.o)
                0x200001c4                __malloc_sbrk_start
 *(COMMON)
 COMMON         0x200001c8      0x844 src/SerialConsole/SerialConsole.o
                0x200001c8                usart_instance
                0x200001fc                cbufRx
                0x20000200                latestRx
                0x20000204                txCharacterBuffer
                0x20000604                rxCharacterBuffer
                0x20000a04                latestTx
                0x20000a08                cbufTx
 COMMON         0x20000a0c        0x4 src/ASF/sam0/drivers/rtc/rtc_sam_d_r_h/rtc_calendar.o
                0x20000a0c                _rtc_instance
 COMMON         0x20000a10       0x18 src/ASF/sam0/drivers/sercom/sercom_interrupt.o
                0x20000a10                _sercom_instances
 COMMON         0x20000a28        0x2 src/ASF/sam0/drivers/sercom/spi/spi_interrupt.o
                0x20000a28                dummy_write
 *fill*         0x20000a2a        0x2 
 COMMON         0x20000a2c        0x4 src/ASF/sam0/utils/stdio/read.o
                0x20000a2c                ptr_get
 COMMON         0x20000a30        0x8 src/ASF/sam0/utils/stdio/write.o
                0x20000a30                ptr_put
                0x20000a34                stdio_base
 COMMON         0x20000a38        0x8 src/ASF/thirdparty/fatfs/fatfs-port-r0.09/diskio.o
                0x20000a38                rtc_instance
 COMMON         0x20000a40      0x29a src/BootMain.o
                0x20000a40                res4
                0x20000a41                res2
                0x20000a44                fs
                0x20000c74                file_object
                0x20000c98                res1
                0x20000c9c                cdc_uart_module
                0x20000cd0                res3
                0x20000cd4                state_AB
                0x20000cd8                res
                0x20000cd9                status
 *fill*         0x20000cda        0x2 
 COMMON         0x20000cdc        0x4 c:/program files (x86)/atmel/studio/7.0/toolchain/arm/arm-gnu-toolchain/bin/../lib/gcc/arm-none-eabi/6.3.1/../../../../arm-none-eabi/lib/thumb/v6-m\libc_nano.a(lib_a-reent.o)
                0x20000cdc                errno
                0x20000ce0                . = ALIGN (0x4)
                0x20000ce0                _ebss = .
                0x20000ce0                _ezero = .

.stack          0x20000ce0     0x2000 load address 0x0000e390
                0x20000ce0                . = ALIGN (0x8)
                0x20000ce0                _sstack = .
                0x20002ce0                . = (. + STACK_SIZE)
 *fill*         0x20000ce0     0x2000 
                0x20002ce0                . = ALIGN (0x8)
                0x20002ce0                _estack = .
                0x20002ce0                . = ALIGN (0x4)
                0x20002ce0                _end = .
OUTPUT(ESE516 BOOTLOADER.elf elf32-littlearm)

.ARM.attributes
                0x00000000       0x28
 .ARM.attributes
                0x00000000       0x1e c:/program files (x86)/atmel/studio/7.0/toolchain/arm/arm-gnu-toolchain/bin/../lib/gcc/arm-none-eabi/6.3.1/thumb/v6-m/crti.o
 .ARM.attributes
                0x0000001e       0x2c c:/program files (x86)/atmel/studio/7.0/toolchain/arm/arm-gnu-toolchain/bin/../lib/gcc/arm-none-eabi/6.3.1/thumb/v6-m/crtbegin.o
 .ARM.attributes
                0x0000004a       0x32 src/ASF/common2/services/delay/sam0/systick_counter.o
 .ARM.attributes
                0x0000007c       0x32 src/Systick/Systick.o
 .ARM.attributes
                0x000000ae       0x32 src/ASF/sam0/boards/board_init.o
 .ARM.attributes
                0x000000e0       0x32 src/ASF/sam0/drivers/nvm/nvm.o
 .ARM.attributes
                0x00000112       0x32 src/SD Card/SdCard.o
 .ARM.attributes
                0x00000144       0x32 src/SerialConsole/circular_buffer.o
 .ARM.attributes
                0x00000176       0x32 src/SerialConsole/SerialConsole.o
 .ARM.attributes
                0x000001a8       0x32 src/ASF/common2/components/memory/sd_mmc/sd_mmc.o
 .ARM.attributes
                0x000001da       0x32 src/ASF/common2/components/memory/sd_mmc/sd_mmc_mem.o
 .ARM.attributes
                0x0000020c       0x32 src/ASF/common2/components/memory/sd_mmc/sd_mmc_spi.o
 .ARM.attributes
                0x0000023e       0x32 src/ASF/common/services/storage/ctrl_access/ctrl_access.o
 .ARM.attributes
                0x00000270       0x32 src/ASF/common/utils/interrupt/interrupt_sam_nvic.o
 .ARM.attributes
                0x000002a2       0x32 src/ASF/sam0/drivers/port/port.o
 .ARM.attributes
                0x000002d4       0x32 src/ASF/sam0/drivers/rtc/rtc_sam_d_r_h/rtc_calendar.o
 .ARM.attributes
                0x00000306       0x32 src/ASF/sam0/drivers/sercom/sercom.o
 .ARM.attributes
                0x00000338       0x32 src/ASF/sam0/drivers/sercom/sercom_interrupt.o
 .ARM.attributes
                0x0000036a       0x32 src/ASF/sam0/drivers/sercom/spi/spi.o
 .ARM.attributes
                0x0000039c       0x32 src/ASF/sam0/drivers/sercom/spi/spi_interrupt.o
 .ARM.attributes
                0x000003ce       0x32 src/ASF/sam0/drivers/sercom/usart/usart.o
 .ARM.attributes
                0x00000400       0x32 src/ASF/sam0/drivers/sercom/usart/usart_interrupt.o
 .ARM.attributes
                0x00000432       0x32 src/ASF/sam0/drivers/system/clock/clock_samd21_r21_da_ha1/clock.o
 .ARM.attributes
                0x00000464       0x32 src/ASF/sam0/drivers/system/clock/clock_samd21_r21_da_ha1/gclk.o
 .ARM.attributes
                0x00000496       0x32 src/ASF/sam0/drivers/system/pinmux/pinmux.o
 .ARM.attributes
                0x000004c8       0x32 src/ASF/sam0/drivers/system/system.o
 .ARM.attributes
                0x000004fa       0x32 src/ASF/sam0/utils/cmsis/samd21/source/gcc/startup_samd21.o
 .ARM.attributes
                0x0000052c       0x32 src/ASF/sam0/utils/stdio/read.o
 .ARM.attributes
                0x0000055e       0x32 src/ASF/sam0/utils/stdio/write.o
 .ARM.attributes
                0x00000590       0x32 src/ASF/sam0/utils/syscalls/gcc/syscalls.o
 .ARM.attributes
                0x000005c2       0x32 src/ASF/thirdparty/fatfs/fatfs-port-r0.09/diskio.o
 .ARM.attributes
                0x000005f4       0x32 src/ASF/thirdparty/fatfs/fatfs-port-r0.09/sam0/fattime_rtc.o
 .ARM.attributes
                0x00000626       0x32 src/ASF/thirdparty/fatfs/fatfs-r0.09/src/ff.o
 .ARM.attributes
                0x00000658       0x32 src/ASF/thirdparty/fatfs/fatfs-r0.09/src/option/ccsbcs.o
 .ARM.attributes
                0x0000068a       0x32 src/BootMain.o
 .ARM.attributes
                0x000006bc       0x1e c:/program files (x86)/atmel/studio/7.0/toolchain/arm/arm-gnu-toolchain/bin/../lib/gcc/arm-none-eabi/6.3.1/thumb/v6-m\libgcc.a(_udivsi3.o)
 .ARM.attributes
                0x000006da       0x1e c:/program files (x86)/atmel/studio/7.0/toolchain/arm/arm-gnu-toolchain/bin/../lib/gcc/arm-none-eabi/6.3.1/thumb/v6-m\libgcc.a(_divsi3.o)
 .ARM.attributes
                0x000006f8       0x1e c:/program files (x86)/atmel/studio/7.0/toolchain/arm/arm-gnu-toolchain/bin/../lib/gcc/arm-none-eabi/6.3.1/thumb/v6-m\libgcc.a(_dvmd_tls.o)
 .ARM.attributes
                0x00000716       0x2c c:/program files (x86)/atmel/studio/7.0/toolchain/arm/arm-gnu-toolchain/bin/../lib/gcc/arm-none-eabi/6.3.1/thumb/v6-m\libgcc.a(_muldi3.o)
 .ARM.attributes
                0x00000742       0x2c c:/program files (x86)/atmel/studio/7.0/toolchain/arm/arm-gnu-toolchain/bin/../lib/gcc/arm-none-eabi/6.3.1/../../../../arm-none-eabi/lib/thumb/v6-m\libc_nano.a(lib_a-impure.o)
 .ARM.attributes
                0x0000076e       0x2c c:/program files (x86)/atmel/studio/7.0/toolchain/arm/arm-gnu-toolchain/bin/../lib/gcc/arm-none-eabi/6.3.1/../../../../arm-none-eabi/lib/thumb/v6-m\libc_nano.a(lib_a-init.o)
 .ARM.attributes
                0x0000079a       0x2c c:/program files (x86)/atmel/studio/7.0/toolchain/arm/arm-gnu-toolchain/bin/../lib/gcc/arm-none-eabi/6.3.1/../../../../arm-none-eabi/lib/thumb/v6-m\libc_nano.a(lib_a-malloc.o)
 .ARM.attributes
                0x000007c6       0x2c c:/program files (x86)/atmel/studio/7.0/toolchain/arm/arm-gnu-toolchain/bin/../lib/gcc/arm-none-eabi/6.3.1/../../../../arm-none-eabi/lib/thumb/v6-m\libc_nano.a(lib_a-memcpy-stub.o)
 .ARM.attributes
                0x000007f2       0x2c c:/program files (x86)/atmel/studio/7.0/toolchain/arm/arm-gnu-toolchain/bin/../lib/gcc/arm-none-eabi/6.3.1/../../../../arm-none-eabi/lib/thumb/v6-m\libc_nano.a(lib_a-memset.o)
 .ARM.attributes
                0x0000081e       0x2c c:/program files (x86)/atmel/studio/7.0/toolchain/arm/arm-gnu-toolchain/bin/../lib/gcc/arm-none-eabi/6.3.1/../../../../arm-none-eabi/lib/thumb/v6-m\libc_nano.a(lib_a-nano-freer.o)
 .ARM.attributes
                0x0000084a       0x2c c:/program files (x86)/atmel/studio/7.0/toolchain/arm/arm-gnu-toolchain/bin/../lib/gcc/arm-none-eabi/6.3.1/../../../../arm-none-eabi/lib/thumb/v6-m\libc_nano.a(lib_a-nano-mallocr.o)
 .ARM.attributes
                0x00000876       0x2c c:/program files (x86)/atmel/studio/7.0/toolchain/arm/arm-gnu-toolchain/bin/../lib/gcc/arm-none-eabi/6.3.1/../../../../arm-none-eabi/lib/thumb/v6-m\libc_nano.a(lib_a-sbrkr.o)
 .ARM.attributes
                0x000008a2       0x2c c:/program files (x86)/atmel/studio/7.0/toolchain/arm/arm-gnu-toolchain/bin/../lib/gcc/arm-none-eabi/6.3.1/../../../../arm-none-eabi/lib/thumb/v6-m\libc_nano.a(lib_a-setbuf.o)
 .ARM.attributes
                0x000008ce       0x2c c:/program files (x86)/atmel/studio/7.0/toolchain/arm/arm-gnu-toolchain/bin/../lib/gcc/arm-none-eabi/6.3.1/../../../../arm-none-eabi/lib/thumb/v6-m\libc_nano.a(lib_a-setvbuf.o)
 .ARM.attributes
                0x000008fa       0x2c c:/program files (x86)/atmel/studio/7.0/toolchain/arm/arm-gnu-toolchain/bin/../lib/gcc/arm-none-eabi/6.3.1/../../../../arm-none-eabi/lib/thumb/v6-m\libc_nano.a(lib_a-snprintf.o)
 .ARM.attributes
                0x00000926       0x1c c:/program files (x86)/atmel/studio/7.0/toolchain/arm/arm-gnu-toolchain/bin/../lib/gcc/arm-none-eabi/6.3.1/../../../../arm-none-eabi/lib/thumb/v6-m\libc_nano.a(lib_a-strlen.o)
 .ARM.attributes
                0x00000942       0x2c c:/program files (x86)/atmel/studio/7.0/toolchain/arm/arm-gnu-toolchain/bin/../lib/gcc/arm-none-eabi/6.3.1/../../../../arm-none-eabi/lib/thumb/v6-m\libc_nano.a(lib_a-fflush.o)
 .ARM.attributes
                0x0000096e       0x2c c:/program files (x86)/atmel/studio/7.0/toolchain/arm/arm-gnu-toolchain/bin/../lib/gcc/arm-none-eabi/6.3.1/../../../../arm-none-eabi/lib/thumb/v6-m\libc_nano.a(lib_a-findfp.o)
 .ARM.attributes
                0x0000099a       0x2c c:/program files (x86)/atmel/studio/7.0/toolchain/arm/arm-gnu-toolchain/bin/../lib/gcc/arm-none-eabi/6.3.1/../../../../arm-none-eabi/lib/thumb/v6-m\libc_nano.a(lib_a-fwalk.o)
 .ARM.attributes
                0x000009c6       0x2c c:/program files (x86)/atmel/studio/7.0/toolchain/arm/arm-gnu-toolchain/bin/../lib/gcc/arm-none-eabi/6.3.1/../../../../arm-none-eabi/lib/thumb/v6-m\libc_nano.a(lib_a-makebuf.o)
 .ARM.attributes
                0x000009f2       0x2c c:/program files (x86)/atmel/studio/7.0/toolchain/arm/arm-gnu-toolchain/bin/../lib/gcc/arm-none-eabi/6.3.1/../../../../arm-none-eabi/lib/thumb/v6-m\libc_nano.a(lib_a-mlock.o)
 .ARM.attributes
                0x00000a1e       0x2c c:/program files (x86)/atmel/studio/7.0/toolchain/arm/arm-gnu-toolchain/bin/../lib/gcc/arm-none-eabi/6.3.1/../../../../arm-none-eabi/lib/thumb/v6-m\libc_nano.a(lib_a-nano-svfprintf.o)
 .ARM.attributes
                0x00000a4a       0x2c c:/program files (x86)/atmel/studio/7.0/toolchain/arm/arm-gnu-toolchain/bin/../lib/gcc/arm-none-eabi/6.3.1/../../../../arm-none-eabi/lib/thumb/v6-m\libc_nano.a(lib_a-nano-vfprintf_i.o)
 .ARM.attributes
                0x00000a76       0x2c c:/program files (x86)/atmel/studio/7.0/toolchain/arm/arm-gnu-toolchain/bin/../lib/gcc/arm-none-eabi/6.3.1/../../../../arm-none-eabi/lib/thumb/v6-m\libc_nano.a(lib_a-reent.o)
 .ARM.attributes
                0x00000aa2       0x2c c:/program files (x86)/atmel/studio/7.0/toolchain/arm/arm-gnu-toolchain/bin/../lib/gcc/arm-none-eabi/6.3.1/../../../../arm-none-eabi/lib/thumb/v6-m\libc_nano.a(lib_a-stdio.o)
 .ARM.attributes
                0x00000ace       0x2c c:/program files (x86)/atmel/studio/7.0/toolchain/arm/arm-gnu-toolchain/bin/../lib/gcc/arm-none-eabi/6.3.1/../../../../arm-none-eabi/lib/thumb/v6-m\libc_nano.a(lib_a-writer.o)
 .ARM.attributes
                0x00000afa       0x2c c:/program files (x86)/atmel/studio/7.0/toolchain/arm/arm-gnu-toolchain/bin/../lib/gcc/arm-none-eabi/6.3.1/../../../../arm-none-eabi/lib/thumb/v6-m\libc_nano.a(lib_a-closer.o)
 .ARM.attributes
                0x00000b26       0x2c c:/program files (x86)/atmel/studio/7.0/toolchain/arm/arm-gnu-toolchain/bin/../lib/gcc/arm-none-eabi/6.3.1/../../../../arm-none-eabi/lib/thumb/v6-m\libc_nano.a(lib_a-fstatr.o)
 .ARM.attributes
                0x00000b52       0x2c c:/program files (x86)/atmel/studio/7.0/toolchain/arm/arm-gnu-toolchain/bin/../lib/gcc/arm-none-eabi/6.3.1/../../../../arm-none-eabi/lib/thumb/v6-m\libc_nano.a(lib_a-lseekr.o)
 .ARM.attributes
                0x00000b7e       0x2c c:/program files (x86)/atmel/studio/7.0/toolchain/arm/arm-gnu-toolchain/bin/../lib/gcc/arm-none-eabi/6.3.1/../../../../arm-none-eabi/lib/thumb/v6-m\libc_nano.a(lib_a-memchr-stub.o)
 .ARM.attributes
                0x00000baa       0x2c c:/program files (x86)/atmel/studio/7.0/toolchain/arm/arm-gnu-toolchain/bin/../lib/gcc/arm-none-eabi/6.3.1/../../../../arm-none-eabi/lib/thumb/v6-m\libc_nano.a(lib_a-memmove.o)
 .ARM.attributes
                0x00000bd6       0x2c c:/program files (x86)/atmel/studio/7.0/toolchain/arm/arm-gnu-toolchain/bin/../lib/gcc/arm-none-eabi/6.3.1/../../../../arm-none-eabi/lib/thumb/v6-m\libc_nano.a(lib_a-nano-reallocr.o)
 .ARM.attributes
                0x00000c02       0x2c c:/program files (x86)/atmel/studio/7.0/toolchain/arm/arm-gnu-toolchain/bin/../lib/gcc/arm-none-eabi/6.3.1/../../../../arm-none-eabi/lib/thumb/v6-m\libc_nano.a(lib_a-readr.o)
 .ARM.attributes
                0x00000c2e       0x2c c:/program files (x86)/atmel/studio/7.0/toolchain/arm/arm-gnu-toolchain/bin/../lib/gcc/arm-none-eabi/6.3.1/../../../../arm-none-eabi/lib/thumb/v6-m\libc_nano.a(lib_a-nano-msizer.o)
 .ARM.attributes
                0x00000c5a       0x1e c:/program files (x86)/atmel/studio/7.0/toolchain/arm/arm-gnu-toolchain/bin/../lib/gcc/arm-none-eabi/6.3.1/thumb/v6-m/crtn.o

.comment        0x00000000       0x59
 .comment       0x00000000       0x59 src/ASF/common2/services/delay/sam0/systick_counter.o
                                 0x5a (size before relaxing)
 .comment       0x00000059       0x5a src/Systick/Systick.o
 .comment       0x00000059       0x5a src/ASF/sam0/boards/board_init.o
 .comment       0x00000059       0x5a src/ASF/sam0/drivers/nvm/nvm.o
 .comment       0x00000059       0x5a src/SD Card/SdCard.o
 .comment       0x00000059       0x5a src/SerialConsole/circular_buffer.o
 .comment       0x00000059       0x5a src/SerialConsole/SerialConsole.o
 .comment       0x00000059       0x5a src/ASF/common2/components/memory/sd_mmc/sd_mmc.o
 .comment       0x00000059       0x5a src/ASF/common2/components/memory/sd_mmc/sd_mmc_mem.o
 .comment       0x00000059       0x5a src/ASF/common2/components/memory/sd_mmc/sd_mmc_spi.o
 .comment       0x00000059       0x5a src/ASF/common/services/storage/ctrl_access/ctrl_access.o
 .comment       0x00000059       0x5a src/ASF/common/utils/interrupt/interrupt_sam_nvic.o
 .comment       0x00000059       0x5a src/ASF/sam0/drivers/port/port.o
 .comment       0x00000059       0x5a src/ASF/sam0/drivers/rtc/rtc_sam_d_r_h/rtc_calendar.o
 .comment       0x00000059       0x5a src/ASF/sam0/drivers/sercom/sercom.o
 .comment       0x00000059       0x5a src/ASF/sam0/drivers/sercom/sercom_interrupt.o
 .comment       0x00000059       0x5a src/ASF/sam0/drivers/sercom/spi/spi.o
 .comment       0x00000059       0x5a src/ASF/sam0/drivers/sercom/spi/spi_interrupt.o
 .comment       0x00000059       0x5a src/ASF/sam0/drivers/sercom/usart/usart.o
 .comment       0x00000059       0x5a src/ASF/sam0/drivers/sercom/usart/usart_interrupt.o
 .comment       0x00000059       0x5a src/ASF/sam0/drivers/system/clock/clock_samd21_r21_da_ha1/clock.o
 .comment       0x00000059       0x5a src/ASF/sam0/drivers/system/clock/clock_samd21_r21_da_ha1/gclk.o
 .comment       0x00000059       0x5a src/ASF/sam0/drivers/system/pinmux/pinmux.o
 .comment       0x00000059       0x5a src/ASF/sam0/drivers/system/system.o
 .comment       0x00000059       0x5a src/ASF/sam0/utils/cmsis/samd21/source/gcc/startup_samd21.o